Component: ARM Compiler 5.05 update 1 (build 106) Tool: armlink [4d0efa]

==============================================================================

Section Cross References

    startup_stm32f103xb.o(RESET) refers to startup_stm32f103xb.o(STACK) for __initial_sp
    startup_stm32f103xb.o(RESET) refers to startup_stm32f103xb.o(.text) for Reset_Handler
    startup_stm32f103xb.o(RESET) refers to stm32f1xx_it.o(i.NMI_Handler) for NMI_Handler
    startup_stm32f103xb.o(RESET) refers to stm32f1xx_it.o(i.HardFault_Handler) for HardFault_Handler
    startup_stm32f103xb.o(RESET) refers to stm32f1xx_it.o(i.MemManage_Handler) for MemManage_Handler
    startup_stm32f103xb.o(RESET) refers to stm32f1xx_it.o(i.BusFault_Handler) for BusFault_Handler
    startup_stm32f103xb.o(RESET) refers to stm32f1xx_it.o(i.UsageFault_Handler) for UsageFault_Handler
    startup_stm32f103xb.o(RESET) refers to port.o(.emb_text) for SVC_Handler
    startup_stm32f103xb.o(RESET) refers to stm32f1xx_it.o(i.DebugMon_Handler) for DebugMon_Handler
    startup_stm32f103xb.o(RESET) refers to port.o(i.SysTick_Handler) for SysTick_Handler
    startup_stm32f103xb.o(RESET) refers to stm32f1xx_it.o(i.PVD_IRQHandler) for PVD_IRQHandler
    startup_stm32f103xb.o(RESET) refers to stm32f1xx_it.o(i.FLASH_IRQHandler) for FLASH_IRQHandler
    startup_stm32f103xb.o(RESET) refers to stm32f1xx_it.o(i.RCC_IRQHandler) for RCC_IRQHandler
    startup_stm32f103xb.o(RESET) refers to stm32f1xx_it.o(i.EXTI1_IRQHandler) for EXTI1_IRQHandler
    startup_stm32f103xb.o(RESET) refers to stm32f1xx_it.o(i.EXTI2_IRQHandler) for EXTI2_IRQHandler
    startup_stm32f103xb.o(RESET) refers to stm32f1xx_it.o(i.EXTI3_IRQHandler) for EXTI3_IRQHandler
    startup_stm32f103xb.o(RESET) refers to stm32f1xx_it.o(i.EXTI4_IRQHandler) for EXTI4_IRQHandler
    startup_stm32f103xb.o(RESET) refers to stm32f1xx_it.o(i.DMA1_Channel2_IRQHandler) for DMA1_Channel2_IRQHandler
    startup_stm32f103xb.o(RESET) refers to stm32f1xx_it.o(i.DMA1_Channel3_IRQHandler) for DMA1_Channel3_IRQHandler
    startup_stm32f103xb.o(RESET) refers to stm32f1xx_it.o(i.DMA1_Channel4_IRQHandler) for DMA1_Channel4_IRQHandler
    startup_stm32f103xb.o(RESET) refers to stm32f1xx_it.o(i.DMA1_Channel5_IRQHandler) for DMA1_Channel5_IRQHandler
    startup_stm32f103xb.o(RESET) refers to stm32f1xx_it.o(i.USB_HP_CAN1_TX_IRQHandler) for USB_HP_CAN1_TX_IRQHandler
    startup_stm32f103xb.o(RESET) refers to stm32f1xx_it.o(i.USB_LP_CAN1_RX0_IRQHandler) for USB_LP_CAN1_RX0_IRQHandler
    startup_stm32f103xb.o(RESET) refers to stm32f1xx_it.o(i.EXTI9_5_IRQHandler) for EXTI9_5_IRQHandler
    startup_stm32f103xb.o(RESET) refers to stm32f1xx_it.o(i.TIM1_UP_IRQHandler) for TIM1_UP_IRQHandler
    startup_stm32f103xb.o(RESET) refers to stm32f1xx_it.o(i.TIM4_IRQHandler) for TIM4_IRQHandler
    startup_stm32f103xb.o(RESET) refers to stm32f1xx_it.o(i.SPI1_IRQHandler) for SPI1_IRQHandler
    startup_stm32f103xb.o(RESET) refers to stm32f1xx_it.o(i.USART1_IRQHandler) for USART1_IRQHandler
    startup_stm32f103xb.o(RESET) refers to stm32f1xx_it.o(i.EXTI15_10_IRQHandler) for EXTI15_10_IRQHandler
    startup_stm32f103xb.o(.text) refers to system_stm32f1xx.o(i.SystemInit) for SystemInit
    startup_stm32f103xb.o(.text) refers to entry.o(.ARM.Collect$$$$00000000) for __main
    main.o(i.HAL_TIM_PeriodElapsedCallback) refers to stm32f1xx_hal.o(i.HAL_IncTick) for HAL_IncTick
    main.o(i.SystemClock_Config) refers to memseta.o(.text) for __aeabi_memclr4
    main.o(i.SystemClock_Config) refers to stm32f1xx_hal_rcc.o(i.HAL_RCC_OscConfig) for HAL_RCC_OscConfig
    main.o(i.SystemClock_Config) refers to stm32f1xx_hal_rcc.o(i.HAL_RCC_ClockConfig) for HAL_RCC_ClockConfig
    main.o(i.SystemClock_Config) refers to stm32f1xx_hal_rcc_ex.o(i.HAL_RCCEx_PeriphCLKConfig) for HAL_RCCEx_PeriphCLKConfig
    main.o(i.fputc) refers to stm32f1xx_hal_uart.o(i.HAL_UART_Transmit_DMA) for HAL_UART_Transmit_DMA
    main.o(i.fputc) refers to tasks.o(i.vTaskDelay) for vTaskDelay
    main.o(i.fputc) refers to usart.o(.bss) for huart1
    main.o(i.main) refers to stm32f1xx_hal.o(i.HAL_Init) for HAL_Init
    main.o(i.main) refers to main.o(i.SystemClock_Config) for SystemClock_Config
    main.o(i.main) refers to user_task.o(i.USB_Relink) for USB_Relink
    main.o(i.main) refers to gpio.o(i.MX_GPIO_Init) for MX_GPIO_Init
    main.o(i.main) refers to dma.o(i.MX_DMA_Init) for MX_DMA_Init
    main.o(i.main) refers to tim.o(i.MX_TIM4_Init) for MX_TIM4_Init
    main.o(i.main) refers to usart.o(i.MX_USART1_UART_Init) for MX_USART1_UART_Init
    main.o(i.main) refers to spi.o(i.MX_SPI1_Init) for MX_SPI1_Init
    main.o(i.main) refers to usb_device.o(i.MX_USB_DEVICE_Init) for MX_USB_DEVICE_Init
    main.o(i.main) refers to key.o(i.KeyCtrlFreertosInit) for KeyCtrlFreertosInit
    main.o(i.main) refers to stm32f1xx_hal_tim.o(i.HAL_TIM_PWM_Start) for HAL_TIM_PWM_Start
    main.o(i.main) refers to freertos.o(i.MX_FREERTOS_Init) for MX_FREERTOS_Init
[...]
    TAMPER_IRQHandler                        0x080001b3   Thumb Code     0  startup_stm32f103xb.o(.text)
    TIM1_BRK_IRQHandler                      0x080001b3   Thumb Code     0  startup_stm32f103xb.o(.text)
    TIM1_CC_IRQHandler                       0x080001b3   Thumb Code     0  startup_stm32f103xb.o(.text)
    TIM1_TRG_COM_IRQHandler                  0x080001b3   Thumb Code     0  startup_stm32f103xb.o(.text)
    TIM2_IRQHandler                          0x080001b3   Thumb Code     0  startup_stm32f103xb.o(.text)
    TIM3_IRQHandler                          0x080001b3   Thumb Code     0  startup_stm32f103xb.o(.text)
    USART2_IRQHandler                        0x080001b3   Thumb Code     0  startup_stm32f103xb.o(.text)
    USART3_IRQHandler                        0x080001b3   Thumb Code     0  startup_stm32f103xb.o(.text)
    USBWakeUp_IRQHandler                     0x080001b3   Thumb Code     0  startup_stm32f103xb.o(.text)
    WWDG_IRQHandler                          0x080001b3   Thumb Code     0  startup_stm32f103xb.o(.text)
    __aeabi_llsr                             0x080001bd   Thumb Code    32  llushr.o(.text)
    _ll_ushift_r                             0x080001bd   Thumb Code     0  llushr.o(.text)
    __aeabi_memcpy                           0x080001dd   Thumb Code    36  memcpya.o(.text)
    __aeabi_memcpy4                          0x080001dd   Thumb Code     0  memcpya.o(.text)
    __aeabi_memcpy8                          0x080001dd   Thumb Code     0  memcpya.o(.text)
    __aeabi_memset                           0x08000201   Thumb Code    14  memseta.o(.text)
    __aeabi_memset4                          0x08000201   Thumb Code     0  memseta.o(.text)
    __aeabi_memset8                          0x08000201   Thumb Code     0  memseta.o(.text)
    __aeabi_memclr                           0x0800020f   Thumb Code     4  memseta.o(.text)
    __aeabi_memclr4                          0x0800020f   Thumb Code     0  memseta.o(.text)
    __aeabi_memclr8                          0x0800020f   Thumb Code     0  memseta.o(.text)
    _memset$wrapper                          0x08000213   Thumb Code    18  memseta.o(.text)
    strncpy                                  0x08000225   Thumb Code    24  strncpy.o(.text)
    strlen                                   0x0800023d   Thumb Code    14  strlen.o(.text)
    strcmp                                   0x0800024b   Thumb Code    28  strcmp.o(.text)
    strcpy                                   0x08000267   Thumb Code    18  strcpy.o(.text)
    __aeabi_uldivmod                         0x08000279   Thumb Code    98  uldiv.o(.text)
    __scatterload                            0x080002dd   Thumb Code    28  init.o(.text)
    __scatterload_rt2                        0x080002dd   Thumb Code     0  init.o(.text)
    __aeabi_llsl                             0x08000301   Thumb Code    30  llshl.o(.text)
    _ll_shift_l                              0x08000301   Thumb Code     0  llshl.o(.text)
    __decompress                             0x0800031f   Thumb Code     0  __dczerorl2.o(.text)
    __decompress1                            0x0800031f   Thumb Code    86  __dczerorl2.o(.text)
    AutoMoving                               0x08000375   Thumb Code   224  user_task.o(i.AutoMoving)
    AutoMovingTask                           0x08000465   Thumb Code    14  user_task.o(i.AutoMovingTask)
    BusFault_Handler                         0x08000473   Thumb Code     2  stm32f1xx_it.o(i.BusFault_Handler)
    Click                                    0x08000475   Thumb Code    88  user_task.o(i.Click)
    CrossLine                                0x080004dd   Thumb Code  1102  user_task.o(i.CrossLine)
    DMA1_Channel2_IRQHandler                 0x08000935   Thumb Code     6  stm32f1xx_it.o(i.DMA1_Channel2_IRQHandler)
    DMA1_Channel3_IRQHandler                 0x08000941   Thumb Code     6  stm32f1xx_it.o(i.DMA1_Channel3_IRQHandler)
    DMA1_Channel4_IRQHandler                 0x0800094d   Thumb Code     6  stm32f1xx_it.o(i.DMA1_Channel4_IRQHandler)
    DMA1_Channel5_IRQHandler                 0x08000959   Thumb Code     6  stm32f1xx_it.o(i.DMA1_Channel5_IRQHandler)
    DebugMon_Handler                         0x0800098f   Thumb Code     2  stm32f1xx_it.o(i.DebugMon_Handler)
    EXTI15_10_IRQHandler                     0x08000991   Thumb Code    30  stm32f1xx_it.o(i.EXTI15_10_IRQHandler)
    EXTI1_IRQHandler                         0x080009af   Thumb Code     6  stm32f1xx_it.o(i.EXTI1_IRQHandler)
    EXTI2_IRQHandler                         0x080009b5   Thumb Code     6  stm32f1xx_it.o(i.EXTI2_IRQHandler)
    EXTI3_IRQHandler                         0x080009bb   Thumb Code     6  stm32f1xx_it.o(i.EXTI3_IRQHandler)
    EXTI4_IRQHandler                         0x080009c1   Thumb Code     6  stm32f1xx_it.o(i.EXTI4_IRQHandler)
    EXTI9_5_IRQHandler                       0x080009c7   Thumb Code    24  stm32f1xx_it.o(i.EXTI9_5_IRQHandler)
    Error_Handler                            0x080009df   Thumb Code     2  main.o(i.Error_Handler)
    FLASH_IRQHandler                         0x080009e1   Thumb Code     4  stm32f1xx_it.o(i.FLASH_IRQHandler)
    FLASH_PageErase                          0x080009e5   Thumb Code    28  stm32f1xx_hal_flash_ex.o(i.FLASH_PageErase)
    HAL_DMA_Abort_IT                         0x08000a81   Thumb Code   148  stm32f1xx_hal_dma.o(i.HAL_DMA_Abort_IT)
    HAL_DMA_IRQHandler                       0x08000b19   Thumb Code   316  stm32f1xx_hal_dma.o(i.HAL_DMA_IRQHandler)
    HAL_DMA_Init                             0x08000c6d   Thumb Code    84  stm32f1xx_hal_dma.o(i.HAL_DMA_Init)
    HAL_DMA_Start_IT                         0x08000cc9   Thumb Code   112  stm32f1xx_hal_dma.o(i.HAL_DMA_Start_IT)
    HAL_FLASH_EndOfOperationCallback         0x08000d39   Thumb Code     2  stm32f1xx_hal_flash.o(i.HAL_FLASH_EndOfOperationCallback)
    HAL_FLASH_IRQHandler                     0x08000d3d   Thumb Code   252  stm32f1xx_hal_flash.o(i.HAL_FLASH_IRQHandler)
    HAL_FLASH_OperationErrorCallback         0x08000e41   Thumb Code     2  stm32f1xx_hal_flash.o(i.HAL_FLASH_OperationErrorCallback)
    HAL_GPIO_EXTI_Callback                   0x08000e43   Thumb Code     2  stm32f1xx_hal_gpio.o(i.HAL_GPIO_EXTI_Callback)
    HAL_GPIO_EXTI_IRQHandler                 0x08000e45   Thumb Code    18  stm32f1xx_hal_gpio.o(i.HAL_GPIO_EXTI_IRQHandler)
    HAL_GPIO_Init                            0x08000e5d   Thumb Code   408  stm32f1xx_hal_gpio.o(i.HAL_GPIO_Init)
    HAL_GPIO_ReadPin                         0x08001019   Thumb Code    10  stm32f1xx_hal_gpio.o(i.HAL_GPIO_ReadPin)
    HAL_GPIO_WritePin                        0x08001023   Thumb Code    10  stm32f1xx_hal_gpio.o(i.HAL_GPIO_WritePin)
    HAL_GetTick                              0x0800102d   Thumb Code     6  stm32f1xx_hal.o(i.HAL_GetTick)
    HAL_IncTick                              0x08001039   Thumb Code    12  stm32f1xx_hal.o(i.HAL_IncTick)
    HAL_Init                                 0x08001049   Thumb Code    32  stm32f1xx_hal.o(i.HAL_Init)
    HAL_InitTick                             0x0800106d   Thumb Code    98  stm32f1xx_hal_timebase_tim.o(i.HAL_InitTick)
    HAL_MspInit                              0x080010e1   Thumb Code   110  stm32f1xx_hal_msp.o(i.HAL_MspInit)
    HAL_NVIC_DisableIRQ                      0x08001159   Thumb Code    22  stm32f1xx_hal_cortex.o(i.HAL_NVIC_DisableIRQ)
    HAL_NVIC_EnableIRQ                       0x0800116f   Thumb Code    22  stm32f1xx_hal_cortex.o(i.HAL_NVIC_EnableIRQ)
    HAL_NVIC_SetPriority                     0x08001185   Thumb Code    60  stm32f1xx_hal_cortex.o(i.HAL_NVIC_SetPriority)
    HAL_NVIC_SetPriorityGrouping             0x080011c5   Thumb Code    26  stm32f1xx_hal_cortex.o(i.HAL_NVIC_SetPriorityGrouping)
    HAL_PCDEx_PMAConfig                      0x080011e9   Thumb Code    52  stm32f1xx_hal_pcd_ex.o(i.HAL_PCDEx_PMAConfig)
    HAL_PCDEx_SetConnectionState             0x0800121d   Thumb Code     2  usbd_conf.o(i.HAL_PCDEx_SetConnectionState)
    HAL_PCD_DataInStageCallback              0x0800121f   Thumb Code    14  usbd_conf.o(i.HAL_PCD_DataInStageCallback)
    HAL_PCD_DataOutStageCallback             0x0800122d   Thumb Code    16  usbd_conf.o(i.HAL_PCD_DataOutStageCallback)
    HAL_PCD_EP_Close                         0x0800123d   Thumb Code    64  stm32f1xx_hal_pcd.o(i.HAL_PCD_EP_Close)
    HAL_PCD_EP_ClrStall                      0x0800127d   Thumb Code    72  stm32f1xx_hal_pcd.o(i.HAL_PCD_EP_ClrStall)
    HAL_PCD_EP_Open                          0x080012c5   Thumb Code    68  stm32f1xx_hal_pcd.o(i.HAL_PCD_EP_Open)
    HAL_PCD_EP_Receive                       0x08001309   Thumb Code    46  stm32f1xx_hal_pcd.o(i.HAL_PCD_EP_Receive)
    HAL_PCD_EP_SetStall                      0x08001337   Thumb Code    86  stm32f1xx_hal_pcd.o(i.HAL_PCD_EP_SetStall)
    HAL_PCD_EP_Transmit                      0x0800138d   Thumb Code    42  stm32f1xx_hal_pcd.o(i.HAL_PCD_EP_Transmit)
    HAL_PCD_IRQHandler                       0x080013b7   Thumb Code   268  stm32f1xx_hal_pcd.o(i.HAL_PCD_IRQHandler)
    HAL_PCD_Init                             0x080014c5   Thumb Code   192  stm32f1xx_hal_pcd.o(i.HAL_PCD_Init)
    HAL_PCD_MspInit                          0x08001585   Thumb Code    66  usbd_conf.o(i.HAL_PCD_MspInit)
    HAL_PCD_ResetCallback                    0x080015d1   Thumb Code    26  usbd_conf.o(i.HAL_PCD_ResetCallback)
    HAL_PCD_ResumeCallback                   0x080015eb   Thumb Code     8  usbd_conf.o(i.HAL_PCD_ResumeCallback)
    HAL_PCD_SOFCallback                      0x080015f3   Thumb Code     8  usbd_conf.o(i.HAL_PCD_SOFCallback)
    HAL_PCD_SetAddress                       0x080015fb   Thumb Code    40  stm32f1xx_hal_pcd.o(i.HAL_PCD_SetAddress)
    HAL_PCD_SetupStageCallback               0x08001623   Thumb Code    14  usbd_conf.o(i.HAL_PCD_SetupStageCallback)
    HAL_PCD_Start                            0x08001631   Thumb Code    50  stm32f1xx_hal_pcd.o(i.HAL_PCD_Start)
    HAL_PCD_SuspendCallback                  0x08001665   Thumb Code    30  usbd_conf.o(i.HAL_PCD_SuspendCallback)
    HAL_PWR_PVDCallback                      0x08001689   Thumb Code     2  stm32f1xx_hal_pwr.o(i.HAL_PWR_PVDCallback)
    HAL_PWR_PVD_IRQHandler                   0x0800168d   Thumb Code    22  stm32f1xx_hal_pwr.o(i.HAL_PWR_PVD_IRQHandler)
    HAL_RCCEx_PeriphCLKConfig                0x080016a9   Thumb Code   224  stm32f1xx_hal_rcc_ex.o(i.HAL_RCCEx_PeriphCLKConfig)
    HAL_RCC_ClockConfig                      0x08001795   Thumb Code   346  stm32f1xx_hal_rcc.o(i.HAL_RCC_ClockConfig)
    HAL_RCC_GetClockConfig                   0x08001901   Thumb Code    54  stm32f1xx_hal_rcc.o(i.HAL_RCC_GetClockConfig)
    HAL_RCC_GetPCLK1Freq                     0x08001941   Thumb Code    20  stm32f1xx_hal_rcc.o(i.HAL_RCC_GetPCLK1Freq)
    HAL_RCC_GetPCLK2Freq                     0x08001961   Thumb Code    20  stm32f1xx_hal_rcc.o(i.HAL_RCC_GetPCLK2Freq)
    HAL_RCC_GetSysClockFreq                  0x08001981   Thumb Code    74  stm32f1xx_hal_rcc.o(i.HAL_RCC_GetSysClockFreq)
    HAL_RCC_OscConfig                        0x080019ed   Thumb Code   750  stm32f1xx_hal_rcc.o(i.HAL_RCC_OscConfig)
    HAL_SPI_ErrorCallback                    0x08001cf1   Thumb Code     2  stm32f1xx_hal_spi.o(i.HAL_SPI_ErrorCallback)
    HAL_SPI_IRQHandler                       0x08001cf5   Thumb Code   190  stm32f1xx_hal_spi.o(i.HAL_SPI_IRQHandler)
    HAL_SPI_Init                             0x08001db9   Thumb Code   130  stm32f1xx_hal_spi_ex.o(i.HAL_SPI_Init)
    HAL_SPI_MspInit                          0x08001e3d   Thumb Code   196  spi.o(i.HAL_SPI_MspInit)
    HAL_TIMEx_BreakCallback                  0x08001f15   Thumb Code     2  stm32f1xx_hal_tim_ex.o(i.HAL_TIMEx_BreakCallback)
    HAL_TIMEx_CommutationCallback            0x08001f17   Thumb Code     2  stm32f1xx_hal_tim_ex.o(i.HAL_TIMEx_CommutationCallback)
    HAL_TIMEx_MasterConfigSynchronization    0x08001f19   Thumb Code    80  stm32f1xx_hal_tim_ex.o(i.HAL_TIMEx_MasterConfigSynchronization)
    HAL_TIM_Base_Init                        0x08001f69   Thumb Code    54  stm32f1xx_hal_tim.o(i.HAL_TIM_Base_Init)
    HAL_TIM_Base_MspInit                     0x08001f9f   Thumb Code     2  stm32f1xx_hal_tim.o(i.HAL_TIM_Base_MspInit)
    HAL_TIM_Base_Start_IT                    0x08001fa1   Thumb Code    24  stm32f1xx_hal_tim.o(i.HAL_TIM_Base_Start_IT)
    HAL_TIM_IC_CaptureCallback               0x08001fb9   Thumb Code     2  stm32f1xx_hal_tim.o(i.HAL_TIM_IC_CaptureCallback)
    HAL_TIM_IRQHandler                       0x08001fbb   Thumb Code   358  stm32f1xx_hal_tim.o(i.HAL_TIM_IRQHandler)
    HAL_TIM_MspPostInit                      0x08002121   Thumb Code    64  tim.o(i.HAL_TIM_MspPostInit)
    HAL_TIM_OC_DelayElapsedCallback          0x0800216d   Thumb Code     2  stm32f1xx_hal_tim.o(i.HAL_TIM_OC_DelayElapsedCallback)
    HAL_TIM_PWM_ConfigChannel                0x0800216f   Thumb Code   208  stm32f1xx_hal_tim.o(i.HAL_TIM_PWM_ConfigChannel)
    HAL_TIM_PWM_Init                         0x0800223f   Thumb Code    54  stm32f1xx_hal_tim.o(i.HAL_TIM_PWM_Init)
    HAL_TIM_PWM_MspInit                      0x08002275   Thumb Code    50  tim.o(i.HAL_TIM_PWM_MspInit)
    HAL_TIM_PWM_PulseFinishedCallback        0x080022b1   Thumb Code     2  stm32f1xx_hal_tim.o(i.HAL_TIM_PWM_PulseFinishedCallback)
    HAL_TIM_PWM_Start                        0x080022b5   Thumb Code    42  stm32f1xx_hal_tim.o(i.HAL_TIM_PWM_Start)
    HAL_TIM_PeriodElapsedCallback            0x080022e5   Thumb Code    14  main.o(i.HAL_TIM_PeriodElapsedCallback)
    HAL_TIM_TriggerCallback                  0x080022f9   Thumb Code     2  stm32f1xx_hal_tim.o(i.HAL_TIM_TriggerCallback)
    HAL_UART_ErrorCallback                   0x080022fb   Thumb Code     2  stm32f1xx_hal_uart.o(i.HAL_UART_ErrorCallback)
    HAL_UART_IRQHandler                      0x080022fd   Thumb Code   266  stm32f1xx_hal_uart.o(i.HAL_UART_IRQHandler)
    HAL_UART_Init                            0x0800240d   Thumb Code    98  stm32f1xx_hal_uart.o(i.HAL_UART_Init)
    HAL_UART_MspInit                         0x08002471   Thumb Code   198  usart.o(i.HAL_UART_MspInit)
    HAL_UART_RxCpltCallback                  0x0800254d   Thumb Code     2  stm32f1xx_hal_uart.o(i.HAL_UART_RxCpltCallback)
    HAL_UART_Transmit_DMA                    0x08002551   Thumb Code   114  stm32f1xx_hal_uart.o(i.HAL_UART_Transmit_DMA)
    HAL_UART_TxCpltCallback                  0x080025d1   Thumb Code     2  stm32f1xx_hal_uart.o(i.HAL_UART_TxCpltCallback)
    HAL_UART_TxHalfCpltCallback              0x080025d3   Thumb Code     2  stm32f1xx_hal_uart.o(i.HAL_UART_TxHalfCpltCallback)
    HardFault_Handler                        0x080025d5   Thumb Code     2  stm32f1xx_it.o(i.HardFault_Handler)
    KeyCheckloopTimer_Callback               0x080025d7   Thumb Code     4  user_task.o(i.KeyCheckloopTimer_Callback)
    KeyCtrlFreertosInit                      0x080025db   Thumb Code    42  key.o(i.KeyCtrlFreertosInit)
    MX_DMA_Init                              0x08002605   Thumb Code    88  dma.o(i.MX_DMA_Init)
    MX_FREERTOS_Init                         0x08002661   Thumb Code    30  freertos.o(i.MX_FREERTOS_Init)
    MX_GPIO_Init                             0x08002689   Thumb Code   302  gpio.o(i.MX_GPIO_Init)
    MX_SPI1_Init                             0x080027cd   Thumb Code    64  spi.o(i.MX_SPI1_Init)
    MX_TIM4_Init                             0x08002815   Thumb Code   104  tim.o(i.MX_TIM4_Init)
    MX_USART1_UART_Init                      0x08002885   Thumb Code    48  usart.o(i.MX_USART1_UART_Init)
    MX_USB_DEVICE_Init                       0x080028bd   Thumb Code    30  usb_device.o(i.MX_USB_DEVICE_Init)
    MemManage_Handler                        0x080028e9   Thumb Code     2  stm32f1xx_it.o(i.MemManage_Handler)
    Move_OneUnitDown                         0x080028ed   Thumb Code    94  user_task.o(i.Move_OneUnitDown)
    Move_OneUnitLeft                         0x0800295d   Thumb Code    96  user_task.o(i.Move_OneUnitLeft)
    Move_OneUnitRight                        0x080029cd   Thumb Code    94  user_task.o(i.Move_OneUnitRight)
    Move_OneUnitUp                           0x08002a3d   Thumb Code    96  user_task.o(i.Move_OneUnitUp)
    NMI_Handler                              0x08002aad   Thumb Code     2  stm32f1xx_it.o(i.NMI_Handler)
    PVD_IRQHandler                           0x08002e31   Thumb Code     4  stm32f1xx_it.o(i.PVD_IRQHandler)
    ProcessTask                              0x08002e35   Thumb Code   552  user_task.o(i.ProcessTask)
    RCC_IRQHandler                           0x0800306d   Thumb Code     2  stm32f1xx_it.o(i.RCC_IRQHandler)
    ReadProcess                              0x08003071   Thumb Code    50  user_task.o(i.ReadProcess)
    ReadSpeed                                0x080030ad   Thumb Code    96  user_task.o(i.ReadSpeed)
    ReadTrace                                0x08003119   Thumb Code   216  user_task.o(i.ReadTrace)
    SPI1_IRQHandler                          0x0800326d   Thumb Code     6  stm32f1xx_it.o(i.SPI1_IRQHandler)
    SPIFFS_close                             0x08003279   Thumb Code    58  spiffs_hydrogen.o(i.SPIFFS_close)
    SPIFFS_open                              0x080032bd   Thumb Code   260  spiffs_hydrogen.o(i.SPIFFS_open)
    SPIFFS_read                              0x080033c9   Thumb Code    18  spiffs_hydrogen.o(i.SPIFFS_read)
    SPIFFS_remove                            0x080033dd   Thumb Code   172  spiffs_hydrogen.o(i.SPIFFS_remove)
    SPIFFS_write                             0x08003491   Thumb Code   382  spiffs_hydrogen.o(i.SPIFFS_write)
    SaveProcess                              0x08003629   Thumb Code    46  user_task.o(i.SaveProcess)
    StartDefaultTask                         0x08003661   Thumb Code    12  freertos.o(i.StartDefaultTask)
    StartKeyCtrlTask                         0x0800366d   Thumb Code   398  user_task.o(i.StartKeyCtrlTask)
    Start_Task                               0x08003805   Thumb Code   124  user_task.o(i.Start_Task)
    SysTick_Handler                          0x080038dd   Thumb Code    38  port.o(i.SysTick_Handler)
    SystemClock_Config                       0x08003909   Thumb Code    96  main.o(i.SystemClock_Config)
    SystemInit                               0x08003969   Thumb Code    56  system_stm32f1xx.o(i.SystemInit)
    TIM1_UP_IRQHandler                       0x080039b1   Thumb Code     6  stm32f1xx_it.o(i.TIM1_UP_IRQHandler)
    TIM4_IRQHandler                          0x080039bd   Thumb Code     6  stm32f1xx_it.o(i.TIM4_IRQHandler)
    TIM_Base_SetConfig                       0x080039c9   Thumb Code    94  stm32f1xx_hal_tim.o(i.TIM_Base_SetConfig)
    TIM_CCxChannelCmd                        0x08003a35   Thumb Code    22  stm32f1xx_hal_tim.o(i.TIM_CCxChannelCmd)
    TIM_OC2_SetConfig                        0x08003a9d   Thumb Code    84  stm32f1xx_hal_tim.o(i.TIM_OC2_SetConfig)
    USART1_IRQHandler                        0x08003ebd   Thumb Code     6  stm32f1xx_it.o(i.USART1_IRQHandler)
    USBD_ClrClassConfig                      0x08003ec9   Thumb Code    14  usbd_core.o(i.USBD_ClrClassConfig)
    USBD_CtlContinueRx                       0x08003ed7   Thumb Code    16  usbd_ioreq.o(i.USBD_CtlContinueRx)
    USBD_CtlContinueSendData                 0x08003ee7   Thumb Code    16  usbd_ioreq.o(i.USBD_CtlContinueSendData)
    USBD_CtlError                            0x08003ef7   Thumb Code    22  usbd_ctlreq.o(i.USBD_CtlError)
    USBD_CtlReceiveStatus                    0x08003f0d   Thumb Code    22  usbd_ioreq.o(i.USBD_CtlReceiveStatus)
    USBD_CtlSendData                         0x08003f23   Thumb Code    26  usbd_ioreq.o(i.USBD_CtlSendData)
    USBD_CtlSendStatus                       0x08003f3d   Thumb Code    22  usbd_ioreq.o(i.USBD_CtlSendStatus)
    USBD_FS_ConfigStrDescriptor              0x08003f55   Thumb Code    16  usbd_desc.o(i.USBD_FS_ConfigStrDescriptor)
    USBD_FS_DeviceDescriptor                 0x08003f75   Thumb Code     8  usbd_desc.o(i.USBD_FS_DeviceDescriptor)
    USBD_FS_InterfaceStrDescriptor           0x08003f81   Thumb Code    16  usbd_desc.o(i.USBD_FS_InterfaceStrDescriptor)
    USBD_FS_LangIDStrDescriptor              0x08003fa5   Thumb Code     8  usbd_desc.o(i.USBD_FS_LangIDStrDescriptor)
    USBD_FS_ManufacturerStrDescriptor        0x08003fb1   Thumb Code    16  usbd_desc.o(i.USBD_FS_ManufacturerStrDescriptor)
    USBD_FS_ProductStrDescriptor             0x08003fd9   Thumb Code    16  usbd_desc.o(i.USBD_FS_ProductStrDescriptor)
    USBD_FS_SerialStrDescriptor              0x08004005   Thumb Code    16  usbd_desc.o(i.USBD_FS_SerialStrDescriptor)
    USBD_GetString                           0x08004109   Thumb Code    70  usbd_ctlreq.o(i.USBD_GetString)
    USBD_HID_SendReport                      0x080041b9   Thumb Code    36  usbd_hid.o(i.USBD_HID_SendReport)
    USBD_Init                                0x0800427d   Thumb Code    42  usbd_core.o(i.USBD_Init)
    USBD_LL_ClearStallEP                     0x080042a7   Thumb Code    32  usbd_conf.o(i.USBD_LL_ClearStallEP)
    USBD_LL_CloseEP                          0x080042c7   Thumb Code    32  usbd_conf.o(i.USBD_LL_CloseEP)
    USBD_LL_DataInStage                      0x080042e7   Thumb Code   170  usbd_core.o(i.USBD_LL_DataInStage)
    USBD_LL_DataOutStage                     0x08004391   Thumb Code   106  usbd_core.o(i.USBD_LL_DataOutStage)
    USBD_LL_Init                             0x080043fd   Thumb Code    98  usbd_conf.o(i.USBD_LL_Init)
    USBD_LL_IsStallEP                        0x08004469   Thumb Code    28  usbd_conf.o(i.USBD_LL_IsStallEP)
    USBD_LL_OpenEP                           0x08004485   Thumb Code    38  usbd_conf.o(i.USBD_LL_OpenEP)
    USBD_LL_PrepareReceive                   0x080044ab   Thumb Code    32  usbd_conf.o(i.USBD_LL_PrepareReceive)
    USBD_LL_Reset                            0x080044cb   Thumb Code    62  usbd_core.o(i.USBD_LL_Reset)
    USBD_LL_Resume                           0x08004509   Thumb Code    12  usbd_core.o(i.USBD_LL_Resume)
    USBD_LL_SOF                              0x08004515   Thumb Code    24  usbd_core.o(i.USBD_LL_SOF)
    USBD_LL_SetSpeed                         0x0800452d   Thumb Code     6  usbd_core.o(i.USBD_LL_SetSpeed)
    USBD_LL_SetUSBAddress                    0x08004533   Thumb Code    32  usbd_conf.o(i.USBD_LL_SetUSBAddress)
    USBD_LL_SetupStage                       0x08004553   Thumb Code    90  usbd_core.o(i.USBD_LL_SetupStage)
    USBD_LL_StallEP                          0x080045ad   Thumb Code    32  usbd_conf.o(i.USBD_LL_StallEP)
    USBD_LL_Start                            0x080045cd   Thumb Code    32  usbd_conf.o(i.USBD_LL_Start)
    USBD_LL_Suspend                          0x080045ed   Thumb Code    18  usbd_core.o(i.USBD_LL_Suspend)
    USBD_LL_Transmit                         0x080045ff   Thumb Code    32  usbd_conf.o(i.USBD_LL_Transmit)
    USBD_ParseSetupRequest                   0x0800461f   Thumb Code    40  usbd_ctlreq.o(i.USBD_ParseSetupRequest)
    USBD_RegisterClass                       0x08004647   Thumb Code    16  usbd_core.o(i.USBD_RegisterClass)
    USBD_SetClassConfig                      0x08004657   Thumb Code    22  usbd_core.o(i.USBD_SetClassConfig)
    USBD_Start                               0x080046e1   Thumb Code    10  usbd_core.o(i.USBD_Start)
    USBD_StdDevReq                           0x080046eb   Thumb Code   242  usbd_ctlreq.o(i.USBD_StdDevReq)
    USBD_StdEPReq                            0x080047dd   Thumb Code   220  usbd_ctlreq.o(i.USBD_StdEPReq)
    USBD_StdItfReq                           0x080048b9   Thumb Code    52  usbd_ctlreq.o(i.USBD_StdItfReq)
    USBD_static_free                         0x080048ed   Thumb Code     2  usbd_conf.o(i.USBD_static_free)
    USBD_static_malloc                       0x080048f1   Thumb Code     4  usbd_conf.o(i.USBD_static_malloc)
    USB_ActivateEndpoint                     0x080048f9   Thumb Code   604  stm32f1xx_ll_usb.o(i.USB_ActivateEndpoint)
    USB_CoreInit                             0x08004b55   Thumb Code     4  stm32f1xx_ll_usb.o(i.USB_CoreInit)
    USB_DeactivateEndpoint                   0x08004b59   Thumb Code   292  stm32f1xx_ll_usb.o(i.USB_DeactivateEndpoint)
    USB_DevConnect                           0x08004c7d   Thumb Code     4  stm32f1xx_ll_usb.o(i.USB_DevConnect)
    USB_DevDisconnect                        0x08004c81   Thumb Code     4  stm32f1xx_ll_usb.o(i.USB_DevDisconnect)
    USB_DevInit                              0x08004c85   Thumb Code    30  stm32f1xx_ll_usb.o(i.USB_DevInit)
    USB_DisableGlobalInt                     0x08004ca3   Thumb Code    14  stm32f1xx_ll_usb.o(i.USB_DisableGlobalInt)
    USB_EP0_OutStart                         0x08004cb1   Thumb Code     4  stm32f1xx_ll_usb.o(i.USB_EP0_OutStart)
    USB_EPClearStall                         0x08004cb5   Thumb Code   106  stm32f1xx_ll_usb.o(i.USB_EPClearStall)
    USB_EPSetStall                           0x08004d1f   Thumb Code    74  stm32f1xx_ll_usb.o(i.USB_EPSetStall)
    USB_EPStartXfer                          0x08004d69   Thumb Code   426  stm32f1xx_ll_usb.o(i.USB_EPStartXfer)
    USB_EnableGlobalInt                      0x08004f13   Thumb Code    14  stm32f1xx_ll_usb.o(i.USB_EnableGlobalInt)
    USB_HP_CAN1_TX_IRQHandler                0x08004f21   Thumb Code     6  stm32f1xx_it.o(i.USB_HP_CAN1_TX_IRQHandler)
    USB_LP_CAN1_RX0_IRQHandler               0x08004f2d   Thumb Code     6  stm32f1xx_it.o(i.USB_LP_CAN1_RX0_IRQHandler)
    USB_ReadInterrupts                       0x08004f39   Thumb Code     6  stm32f1xx_ll_usb.o(i.USB_ReadInterrupts)
    USB_ReadPMA                              0x08004f41   Thumb Code    30  stm32f1xx_ll_usb.o(i.USB_ReadPMA)
    USB_Relink                               0x08004f61   Thumb Code    70  user_task.o(i.USB_Relink)
    USB_SetCurrentMode                       0x08004fb5   Thumb Code     4  stm32f1xx_ll_usb.o(i.USB_SetCurrentMode)
    USB_SetDevAddress                        0x08004fb9   Thumb Code    12  stm32f1xx_ll_usb.o(i.USB_SetDevAddress)
    USB_StopDevice                           0x08004fc5   Thumb Code    18  stm32f1xx_ll_usb.o(i.USB_StopDevice)
    USB_WritePMA                             0x08004fd7   Thumb Code    38  stm32f1xx_ll_usb.o(i.USB_WritePMA)
    UsageFault_Handler                       0x08004ffd   Thumb Code     2  stm32f1xx_it.o(i.UsageFault_Handler)
    __0printf$8                              0x08005001   Thumb Code    22  printf8.o(i.__0printf$8)
    __1printf$8                              0x08005001   Thumb Code     0  printf8.o(i.__0printf$8)
    __2printf                                0x08005001   Thumb Code     0  printf8.o(i.__0printf$8)
    __scatterload_copy                       0x08005021   Thumb Code    14  handlers.o(i.__scatterload_copy)
    __scatterload_null                       0x0800502f   Thumb Code     2  handlers.o(i.__scatterload_null)
    __scatterload_zeroinit                   0x08005031   Thumb Code    14  handlers.o(i.__scatterload_zeroinit)
    fputc                                    0x080054a5   Thumb Code    22  main.o(i.fputc)
    key0_read                                0x080054cd   Thumb Code    22  key.o(i.key0_read)
    key1_read                                0x080054e9   Thumb Code    22  key.o(i.key1_read)
    key2_read                                0x08005505   Thumb Code    24  key.o(i.key2_read)
    key7_read                                0x08005521   Thumb Code    24  key.o(i.key7_read)
    key8_read                                0x0800553d   Thumb Code    22  key.o(i.key8_read)
    key9_read                                0x08005559   Thumb Code    22  key.o(i.key9_read)
    key_check_all_loop_1ms                   0x0800573d   Thumb Code    26  key.o(i.key_check_all_loop_1ms)
    key_read_value                           0x0800575d   Thumb Code    34  key.o(i.key_read_value)
    main                                     0x0800580d   Thumb Code    82  main.o(i.main)
    osDelay                                  0x08005885   Thumb Code    14  cmsis_os.o(i.osDelay)
    osKernelStart                            0x08005893   Thumb Code    10  cmsis_os.o(i.osKernelStart)
    osThreadCreate                           0x0800589d   Thumb Code    46  cmsis_os.o(i.osThreadCreate)
    osTimerCreate                            0x080058cd   Thumb Code    30  cmsis_os.o(i.osTimerCreate)
    osTimerStart                             0x080058f1   Thumb Code    88  cmsis_os.o(i.osTimerStart)
    pvPortMalloc                             0x08006099   Thumb Code   210  heap_4.o(i.pvPortMalloc)
    pvTaskIncrementMutexHeldCount            0x08006171   Thumb Code    18  tasks.o(i.pvTaskIncrementMutexHeldCount)
    pxPortInitialiseStack                    0x08006189   Thumb Code    32  port.o(i.pxPortInitialiseStack)
    spiffs_cache_drop_page                   0x080061ad   Thumb Code    28  spiffs_cache.o(i.spiffs_cache_drop_page)
    spiffs_cache_fd_release                  0x080061c9   Thumb Code    56  spiffs_cache.o(i.spiffs_cache_fd_release)
    spiffs_cache_page_allocate_by_fd         0x0800623d   Thumb Code    36  spiffs_cache.o(i.spiffs_cache_page_allocate_by_fd)
    spiffs_cache_page_get_by_fd              0x08006309   Thumb Code    78  spiffs_cache.o(i.spiffs_cache_page_get_by_fd)
    spiffs_cb_object_event                   0x080063bd   Thumb Code   302  spiffs_nucleus.o(i.spiffs_cb_object_event)
    spiffs_erase_block                       0x080064eb   Thumb Code   214  spiffs_nucleus.o(i.spiffs_erase_block)
    spiffs_fd_find_new                       0x080065c1   Thumb Code   272  spiffs_nucleus.o(i.spiffs_fd_find_new)
    spiffs_fd_get                            0x080066d5   Thumb Code    46  spiffs_nucleus.o(i.spiffs_fd_get)
    spiffs_fd_return                         0x08006709   Thumb Code    52  spiffs_nucleus.o(i.spiffs_fd_return)
    spiffs_gc_check                          0x080067a1   Thumb Code   358  spiffs_gc.o(i.spiffs_gc_check)
    spiffs_gc_clean                          0x0800690d   Thumb Code  1228  spiffs_gc.o(i.spiffs_gc_clean)
    spiffs_gc_erase_page_stats               0x08006e15   Thumb Code   222  spiffs_gc.o(i.spiffs_gc_erase_page_stats)
    spiffs_gc_find_candidate                 0x08006ef5   Thumb Code   534  spiffs_gc.o(i.spiffs_gc_find_candidate)
    spiffs_gc_quick                          0x0800710d   Thumb Code   380  spiffs_gc.o(i.spiffs_gc_quick)
    spiffs_obj_lu_find_entry_visitor         0x08007399   Thumb Code   464  spiffs_nucleus.o(i.spiffs_obj_lu_find_entry_visitor)
    spiffs_obj_lu_find_free                  0x0800756d   Thumb Code   104  spiffs_nucleus.o(i.spiffs_obj_lu_find_free)
    spiffs_obj_lu_find_free_obj_id           0x080075d9   Thumb Code   382  spiffs_nucleus.o(i.spiffs_obj_lu_find_free_obj_id)
    spiffs_obj_lu_find_id                    0x080078d1   Thumb Code    44  spiffs_nucleus.o(i.spiffs_obj_lu_find_id)
    spiffs_obj_lu_find_id_and_span           0x08007901   Thumb Code   134  spiffs_nucleus.o(i.spiffs_obj_lu_find_id_and_span)
    spiffs_object_append                     0x08007a2d   Thumb Code  1276  spiffs_nucleus.o(i.spiffs_object_append)
    spiffs_object_create                     0x08007f2d   Thumb Code   354  spiffs_nucleus.o(i.spiffs_object_create)
    spiffs_object_find_object_index_header_by_name 0x08008091   Thumb Code   126  spiffs_nucleus.o(i.spiffs_object_find_object_index_header_by_name)
    spiffs_object_modify                     0x0800819d   Thumb Code  1092  spiffs_nucleus.o(i.spiffs_object_modify)
    spiffs_object_open_by_page               0x080085e5   Thumb Code   216  spiffs_nucleus.o(i.spiffs_object_open_by_page)
    spiffs_object_read                       0x080086c5   Thumb Code   464  spiffs_nucleus.o(i.spiffs_object_read)
    spiffs_object_truncate                   0x08008899   Thumb Code  1196  spiffs_nucleus.o(i.spiffs_object_truncate)
    spiffs_object_update_index_hdr           0x08008d49   Thumb Code   238  spiffs_nucleus.o(i.spiffs_object_update_index_hdr)
    spiffs_page_allocate_data                0x08008e41   Thumb Code   396  spiffs_nucleus.o(i.spiffs_page_allocate_data)
    spiffs_page_delete                       0x08009081   Thumb Code   146  spiffs_nucleus.o(i.spiffs_page_delete)
    spiffs_page_move                         0x080091d5   Thumb Code   328  spiffs_nucleus.o(i.spiffs_page_move)
    spiffs_phys_cpy                          0x0800931d   Thumb Code    88  spiffs_nucleus.o(i.spiffs_phys_cpy)
    spiffs_phys_rd                           0x08009375   Thumb Code   228  spiffs_cache.o(i.spiffs_phys_rd)
    spiffs_phys_wr                           0x08009459   Thumb Code   142  spiffs_cache.o(i.spiffs_phys_wr)
    uxListRemove                             0x080095bb   Thumb Code    36  list.o(i.uxListRemove)
    uxTaskResetEventItemValue                0x080095e1   Thumb Code    20  tasks.o(i.uxTaskResetEventItemValue)
    vListInitialise                          0x080095f9   Thumb Code    22  list.o(i.vListInitialise)
    vListInitialiseItem                      0x0800960f   Thumb Code     6  list.o(i.vListInitialiseItem)
    vListInsert                              0x08009615   Thumb Code    48  list.o(i.vListInsert)
    vListInsertEnd                           0x08009645   Thumb Code    24  list.o(i.vListInsertEnd)
    vPortEnterCritical                       0x0800965d   Thumb Code    54  port.o(i.vPortEnterCritical)
    vPortExitCritical                        0x0800969d   Thumb Code    34  port.o(i.vPortExitCritical)
    vPortFree                                0x080096c5   Thumb Code    88  heap_4.o(i.vPortFree)
    vPortSetupTimerInterrupt                 0x08009721   Thumb Code    26  port.o(i.vPortSetupTimerInterrupt)
    vPortValidateInterruptPriority           0x08009741   Thumb Code    74  port.o(i.vPortValidateInterruptPriority)
    vQueueAddToRegistry                      0x08009795   Thumb Code    34  queue.o(i.vQueueAddToRegistry)
    vQueueWaitForMessageRestricted           0x080097bd   Thumb Code    68  queue.o(i.vQueueWaitForMessageRestricted)
    vTaskDelay                               0x08009801   Thumb Code    66  tasks.o(i.vTaskDelay)
    vTaskDelete                              0x0800984d   Thumb Code   158  tasks.o(i.vTaskDelete)
    vTaskMissedYield                         0x080098f9   Thumb Code     8  tasks.o(i.vTaskMissedYield)
    vTaskPlaceOnEventList                    0x08009905   Thumb Code    44  tasks.o(i.vTaskPlaceOnEventList)
    vTaskPlaceOnEventListRestricted          0x08009935   Thumb Code    52  tasks.o(i.vTaskPlaceOnEventListRestricted)
    vTaskPlaceOnUnorderedEventList           0x0800996d   Thumb Code    76  tasks.o(i.vTaskPlaceOnUnorderedEventList)
    vTaskPriorityInherit                     0x080099bd   Thumb Code   124  tasks.o(i.vTaskPriorityInherit)
    vTaskResume                              0x08009a41   Thumb Code   112  tasks.o(i.vTaskResume)
    vTaskSetTimeOutState                     0x08009abd   Thumb Code    30  tasks.o(i.vTaskSetTimeOutState)
    vTaskStartScheduler                      0x08009ae1   Thumb Code    94  tasks.o(i.vTaskStartScheduler)
    vTaskSuspend                             0x08009b51   Thumb Code   162  tasks.o(i.vTaskSuspend)
    vTaskSuspendAll                          0x08009c01   Thumb Code    10  tasks.o(i.vTaskSuspendAll)
    vTaskSwitchContext                       0x08009c11   Thumb Code    82  tasks.o(i.vTaskSwitchContext)
    xEventGroupClearBits                     0x08009c6d   Thumb Code    64  event_groups.o(i.xEventGroupClearBits)
    xEventGroupCreate                        0x08009cad   Thumb Code    26  event_groups.o(i.xEventGroupCreate)
    xEventGroupSetBits                       0x08009cc7   Thumb Code   140  event_groups.o(i.xEventGroupSetBits)
    xEventGroupWaitBits                      0x08009d55   Thumb Code   260  event_groups.o(i.xEventGroupWaitBits)
    xPortStartScheduler                      0x08009e5d   Thumb Code   102  port.o(i.xPortStartScheduler)
    xQueueGenericCreate                      0x08009ed1   Thumb Code    72  queue.o(i.xQueueGenericCreate)
    xQueueGenericReceive                     0x08009f19   Thumb Code   360  queue.o(i.xQueueGenericReceive)
    xQueueGenericReset                       0x0800a085   Thumb Code   132  queue.o(i.xQueueGenericReset)
    xQueueGenericSend                        0x0800a10d   Thumb Code   346  queue.o(i.xQueueGenericSend)
    xQueueGenericSendFromISR                 0x0800a26d   Thumb Code   188  queue.o(i.xQueueGenericSendFromISR)
    xTaskCheckForTimeOut                     0x0800a329   Thumb Code   102  tasks.o(i.xTaskCheckForTimeOut)
    xTaskCreate                              0x0800a395   Thumb Code    86  tasks.o(i.xTaskCreate)
    xTaskGetSchedulerState                   0x0800a3ed   Thumb Code    22  tasks.o(i.xTaskGetSchedulerState)
    xTaskGetTickCount                        0x0800a409   Thumb Code     6  tasks.o(i.xTaskGetTickCount)
    xTaskIncrementTick                       0x0800a415   Thumb Code   192  tasks.o(i.xTaskIncrementTick)
    xTaskPriorityDisinherit                  0x0800a4dd   Thumb Code   144  tasks.o(i.xTaskPriorityDisinherit)
    xTaskRemoveFromEventList                 0x0800a575   Thumb Code   108  tasks.o(i.xTaskRemoveFromEventList)
    xTaskRemoveFromUnorderedEventList        0x0800a5e9   Thumb Code   110  tasks.o(i.xTaskRemoveFromUnorderedEventList)
    xTaskResumeAll                           0x0800a661   Thumb Code   182  tasks.o(i.xTaskResumeAll)
    xTimerCreate                             0x0800a725   Thumb Code    78  timers.o(i.xTimerCreate)
    xTimerCreateTimerTask                    0x0800a775   Thumb Code    56  timers.o(i.xTimerCreateTimerTask)
    xTimerGenericCommand                     0x0800a7bd   Thumb Code    92  timers.o(i.xTimerGenericCommand)
    AHBPrescTable                            0x0800a830   Data          16  system_stm32f1xx.o(.constdata)
    APBPrescTable                            0x0800a840   Data           8  system_stm32f1xx.o(.constdata)
    Region$$Table$$Base                      0x0800a858   Number         0  anon$$obj.o(Region$$Table)
    Region$$Table$$Limit                     0x0800a878   Number         0  anon$$obj.o(Region$$Table)
    defaultTaskHandle                        0x20000000   Data           4  freertos.o(.data)
    FS_Desc                                  0x20000004   Data          28  usbd_desc.o(.data)
    USBD_LangIDDesc                          0x20000020   Data           4  usbd_desc.o(.data)
    USBD_FS_DeviceDesc                       0x20000024   Data          18  usbd_desc.o(.data)
    uwTickFreq                               0x20000038   Data           1  stm32f1xx_hal.o(.data)
    uwTickPrio                               0x2000003c   Data           4  stm32f1xx_hal.o(.data)
    uwTick                                   0x20000040   Data           4  stm32f1xx_hal.o(.data)
    SystemCoreClock                          0x20000044   Data           4  system_stm32f1xx.o(.data)
    pxCurrentTCB                             0x20000048   Data           4  tasks.o(.data)
    USBD_HID                                 0x200000c0   Data          56  usbd_hid.o(.data)
    AutoFlag                                 0x20000180   Data           1  user_task.o(.data)
    SpeedAllProcess                          0x20000181   Data           1  user_task.o(.data)
    StoreFlag                                0x20000182   Data           1  user_task.o(.data)
    MOVE_libUpdate                           0x20000183   Data           1  user_task.o(.data)
    Record                                   0x20000184   Data           1  user_task.o(.data)
    num                                      0x20000185   Data           1  user_task.o(.data)
    SpeedNum                                 0x20000186   Data           1  user_task.o(.data)
    AutoStart                                0x20000187   Data           1  user_task.o(.data)
    LongPressStop                            0x20000188   Data           1  user_task.o(.data)
    CrossStop                                0x20000189   Data           1  user_task.o(.data)
    AutoSpeedValu                            0x2000018a   Data           2  user_task.o(.data)
    Stop_ResumeBit                           0x2000018c   Data           2  user_task.o(.data)
    keytemp                                  0x2000018e   Data           2  user_task.o(.data)
    Start_Task_Handler                       0x20000190   Data           4  user_task.o(.data)
    ProcessHandler                           0x20000194   Data           4  user_task.o(.data)
    StartKeyCtrlHandle                       0x20000198   Data           4  user_task.o(.data)
    AutoMovingHandle                         0x2000019c   Data           4  user_task.o(.data)
    KeyCheckLoopTimer                        0x200001a0   Data           4  user_task.o(.data)
    KeyEventGroupHandler                     0x200001a4   Data           4  user_task.o(.data)
    NUM                                      0x200001a8   Data           4  user_task.o(.data)
    BottonUpdate                             0x200001ac   Data           4  user_task.o(.data)
    XAbsoluteValu                            0x200001b0   Data           4  user_task.o(.data)
    YAbsoluteValu                            0x200001b4   Data           4  user_task.o(.data)
    AutoCount                                0x200001b8   Data           4  user_task.o(.data)
    key_dev                                  0x200001c4   Data          96  key.o(.data)
    __stdout                                 0x20000224   Data           4  stdout.o(.data)
    hspi1                                    0x20000228   Data          88  spi.o(.bss)
    hdma_spi1_rx                             0x20000280   Data          68  spi.o(.bss)
    hdma_spi1_tx                             0x200002c4   Data          68  spi.o(.bss)
    htim4                                    0x20000308   Data          64  tim.o(.bss)
    huart1                                   0x20000348   Data          64  usart.o(.bss)
    hdma_usart1_tx                           0x20000388   Data          68  usart.o(.bss)
    hdma_usart1_rx                           0x200003cc   Data          68  usart.o(.bss)
    hUsbDeviceFS                             0x20000410   Data         548  usb_device.o(.bss)
    hpcd_USB_FS                              0x20000648   Data        1120  usbd_conf.o(.bss)
    USBD_StrDesc                             0x20000aa8   Data         512  usbd_desc.o(.bss)
    htim1                                    0x20000ca8   Data          64  stm32f1xx_hal_timebase_tim.o(.bss)
    pFlash                                   0x20000ce8   Data          32  stm32f1xx_hal_flash.o(.bss)
    xQueueRegistry                           0x20000d08   Data          64  queue.o(.bss)
    fs                                       0x20002660   Data         128  spiffs_user.o(.bss)
    XY_Pro                                   0x20002de0   Data        6000  user_task.o(.bss)
    Speed_Pro                                0x20004550   Data         400  user_task.o(.bss)
    __initial_sp                             0x20004b08   Data           0  startup_stm32f103xb.o(STACK)



==============================================================================

Memory Map of the image

  Image Entry point : 0x080000ed

  Load Region LR_IROM1 (Base: 0x08000000, Size: 0x0000aaa0, Max: 0x00010000, ABSOLUTE, COMPRESSED[0x0000a980])

    Execution Region ER_IROM1 (Base: 0x08000000, Size: 0x0000a878, Max: 0x00010000, ABSOLUTE)

    Base Addr    Size         Type   Attr      Idx    E Section Name        Object

    0x08000000   0x000000ec   Data   RO            3    RESET               startup_stm32f103xb.o
    0x080000ec   0x00000000   Code   RO         6681  * .ARM.Collect$$$$00000000  mc_w.l(entry.o)
    0x080000ec   0x00000004   Code   RO         6961    .ARM.Collect$$$$00000001  mc_w.l(entry2.o)
    0x080000f0   0x00000004   Code   RO         6964    .ARM.Collect$$$$00000004  mc_w.l(entry5.o)
    0x080000f4   0x00000000   Code   RO         6966    .ARM.Collect$$$$00000008  mc_w.l(entry7b.o)
    0x080000f4   0x00000000   Code   RO         6968    .ARM.Collect$$$$0000000A  mc_w.l(entry8b.o)
    0x080000f4   0x00000008   Code   RO         6969    .ARM.Collect$$$$0000000B  mc_w.l(entry9a.o)
    0x080000fc   0x00000000   Code   RO         6971    .ARM.Collect$$$$0000000D  mc_w.l(entry10a.o)
    0x080000fc   0x00000000   Code   RO         6973    .ARM.Collect$$$$0000000F  mc_w.l(entry11a.o)
    0x080000fc   0x00000004   Code   RO         6962    .ARM.Collect$$$$00002712  mc_w.l(entry2.o)
    0x08000100   0x00000096   Code   RO         5165    .emb_text           port.o
    0x08000196   0x00000002   PAD
    0x08000198   0x00000024   Code   RO            4    .text               startup_stm32f103xb.o
    0x080001bc   0x00000020   Code   RO         6684    .text               mc_w.l(llushr.o)
    0x080001dc   0x00000024   Code   RO         6686    .text               mc_w.l(memcpya.o)
    0x08000200   0x00000024   Code   RO         6688    .text               mc_w.l(memseta.o)
    0x08000224   0x00000018   Code   RO         6690    .text               mc_w.l(strncpy.o)
    0x0800023c   0x0000000e   Code   RO         6692    .text               mc_w.l(strlen.o)
    0x0800024a   0x0000001c   Code   RO         6694    .text               mc_w.l(strcmp.o)
    0x08000266   0x00000012   Code   RO         6696    .text               mc_w.l(strcpy.o)
    0x08000278   0x00000062   Code   RO         6978    .text               mc_w.l(uldiv.o)
    0x080002da   0x00000002   PAD
    0x080002dc   0x00000024   Code   RO         6991    .text               mc_w.l(init.o)
    0x08000300   0x0000001e   Code   RO         6993    .text               mc_w.l(llshl.o)
    0x0800031e   0x00000056   Code   RO         7007    .text               mc_w.l(__dczerorl2.o)
    0x08000374   0x000000f0   Code   RO         6434    i.AutoMoving        user_task.o
    0x08000464   0x0000000e   Code   RO         6435    i.AutoMovingTask    user_task.o
    0x08000472   0x00000002   Code   RO          844    i.BusFault_Handler  stm32f1xx_it.o
    0x08000474   0x00000068   Code   RO         6436    i.Click             user_task.o
    0x080004dc   0x00000458   Code   RO         6437    i.CrossLine         user_task.o
    0x08000934   0x0000000c   Code   RO          845    i.DMA1_Channel2_IRQHandler  stm32f1xx_it.o
    0x08000940   0x0000000c   Code   RO          846    i.DMA1_Channel3_IRQHandler  stm32f1xx_it.o
    0x0800094c   0x0000000c   Code   RO          847    i.DMA1_Channel4_IRQHandler  stm32f1xx_it.o
    0x08000958   0x0000000c   Code   RO          848    i.DMA1_Channel5_IRQHandler  stm32f1xx_it.o
    0x08000964   0x0000002a   Code   RO         3491    i.DMA_SetConfig     stm32f1xx_hal_dma.o
    0x0800098e   0x00000002   Code   RO          849    i.DebugMon_Handler  stm32f1xx_it.o
    0x08000990   0x0000001e   Code   RO          850    i.EXTI15_10_IRQHandler  stm32f1xx_it.o
    0x080009ae   0x00000006   Code   RO          851    i.EXTI1_IRQHandler  stm32f1xx_it.o
    0x080009b4   0x00000006   Code   RO          852    i.EXTI2_IRQHandler  stm32f1xx_it.o
    0x080009ba   0x00000006   Code   RO          853    i.EXTI3_IRQHandler  stm32f1xx_it.o
    0x080009c0   0x00000006   Code   RO          854    i.EXTI4_IRQHandler  stm32f1xx_it.o
    0x080009c6   0x00000018   Code   RO          855    i.EXTI9_5_IRQHandler  stm32f1xx_it.o
    0x080009de   0x00000002   Code   RO           13    i.Error_Handler     main.o
    0x080009e0   0x00000004   Code   RO          856    i.FLASH_IRQHandler  stm32f1xx_it.o
    0x080009e4   0x00000024   Code   RO         3936    i.FLASH_PageErase   stm32f1xx_hal_flash_ex.o
    0x08000a08   0x0000001c   Code   RO         3828    i.FLASH_Program_HalfWord  stm32f1xx_hal_flash.o
    0x08000a24   0x0000005c   Code   RO         3829    i.FLASH_SetErrorCode  stm32f1xx_hal_flash.o
    0x08000a80   0x00000098   Code   RO         3493    i.HAL_DMA_Abort_IT  stm32f1xx_hal_dma.o
    0x08000b18   0x00000154   Code   RO         3497    i.HAL_DMA_IRQHandler  stm32f1xx_hal_dma.o
    0x08000c6c   0x0000005c   Code   RO         3498    i.HAL_DMA_Init      stm32f1xx_hal_dma.o
    0x08000cc8   0x00000070   Code   RO         3502    i.HAL_DMA_Start_IT  stm32f1xx_hal_dma.o
    0x08000d38   0x00000002   Code   RO         3831    i.HAL_FLASH_EndOfOperationCallback  stm32f1xx_hal_flash.o
    0x08000d3a   0x00000002   PAD
    0x08000d3c   0x00000104   Code   RO         3833    i.HAL_FLASH_IRQHandler  stm32f1xx_hal_flash.o
    0x08000e40   0x00000002   Code   RO         3838    i.HAL_FLASH_OperationErrorCallback  stm32f1xx_hal_flash.o
    0x08000e42   0x00000002   Code   RO         3426    i.HAL_GPIO_EXTI_Callback  stm32f1xx_hal_gpio.o
    0x08000e44   0x00000018   Code   RO         3427    i.HAL_GPIO_EXTI_IRQHandler  stm32f1xx_hal_gpio.o
    0x08000e5c   0x000001bc   Code   RO         3428    i.HAL_GPIO_Init     stm32f1xx_hal_gpio.o
    0x08001018   0x0000000a   Code   RO         3430    i.HAL_GPIO_ReadPin  stm32f1xx_hal_gpio.o
    0x08001022   0x0000000a   Code   RO         3432    i.HAL_GPIO_WritePin  stm32f1xx_hal_gpio.o
    0x0800102c   0x0000000c   Code   RO         3136    i.HAL_GetTick       stm32f1xx_hal.o
    0x08001038   0x00000010   Code   RO         3140    i.HAL_IncTick       stm32f1xx_hal.o
    0x08001048   0x00000024   Code   RO         3141    i.HAL_Init          stm32f1xx_hal.o
    0x0800106c   0x00000074   Code   RO         1040    i.HAL_InitTick      stm32f1xx_hal_timebase_tim.o
    0x080010e0   0x00000078   Code   RO         1016    i.HAL_MspInit       stm32f1xx_hal_msp.o
    0x08001158   0x00000016   Code   RO         3587    i.HAL_NVIC_DisableIRQ  stm32f1xx_hal_cortex.o
    0x0800116e   0x00000016   Code   RO         3588    i.HAL_NVIC_EnableIRQ  stm32f1xx_hal_cortex.o
    0x08001184   0x00000040   Code   RO         3594    i.HAL_NVIC_SetPriority  stm32f1xx_hal_cortex.o
    0x080011c4   0x00000024   Code   RO         3595    i.HAL_NVIC_SetPriorityGrouping  stm32f1xx_hal_cortex.o
    0x080011e8   0x00000034   Code   RO         1366    i.HAL_PCDEx_PMAConfig  stm32f1xx_hal_pcd_ex.o
    0x0800121c   0x00000002   Code   RO          569    i.HAL_PCDEx_SetConnectionState  usbd_conf.o
    0x0800121e   0x0000000e   Code   RO          571    i.HAL_PCD_DataInStageCallback  usbd_conf.o
    0x0800122c   0x00000010   Code   RO          572    i.HAL_PCD_DataOutStageCallback  usbd_conf.o
    0x0800123c   0x00000040   Code   RO         1160    i.HAL_PCD_EP_Close  stm32f1xx_hal_pcd.o
    0x0800127c   0x00000048   Code   RO         1161    i.HAL_PCD_EP_ClrStall  stm32f1xx_hal_pcd.o
    0x080012c4   0x00000044   Code   RO         1164    i.HAL_PCD_EP_Open   stm32f1xx_hal_pcd.o
    0x08001308   0x0000002e   Code   RO         1165    i.HAL_PCD_EP_Receive  stm32f1xx_hal_pcd.o
    0x08001336   0x00000056   Code   RO         1166    i.HAL_PCD_EP_SetStall  stm32f1xx_hal_pcd.o
    0x0800138c   0x0000002a   Code   RO         1167    i.HAL_PCD_EP_Transmit  stm32f1xx_hal_pcd.o
    0x080013b6   0x0000010c   Code   RO         1169    i.HAL_PCD_IRQHandler  stm32f1xx_hal_pcd.o
    0x080014c2   0x00000002   PAD
    0x080014c4   0x000000c0   Code   RO         1172    i.HAL_PCD_Init      stm32f1xx_hal_pcd.o
    0x08001584   0x0000004c   Code   RO          577    i.HAL_PCD_MspInit   usbd_conf.o
    0x080015d0   0x0000001a   Code   RO          578    i.HAL_PCD_ResetCallback  usbd_conf.o
    0x080015ea   0x00000008   Code   RO          579    i.HAL_PCD_ResumeCallback  usbd_conf.o
    0x080015f2   0x00000008   Code   RO          580    i.HAL_PCD_SOFCallback  usbd_conf.o
    0x080015fa   0x00000028   Code   RO         1178    i.HAL_PCD_SetAddress  stm32f1xx_hal_pcd.o
    0x08001622   0x0000000e   Code   RO          581    i.HAL_PCD_SetupStageCallback  usbd_conf.o
    0x08001630   0x00000032   Code   RO         1180    i.HAL_PCD_Start     stm32f1xx_hal_pcd.o
    0x08001662   0x00000002   PAD
    0x08001664   0x00000024   Code   RO          582    i.HAL_PCD_SuspendCallback  usbd_conf.o
    0x08001688   0x00000002   Code   RO         3718    i.HAL_PWR_PVDCallback  stm32f1xx_hal_pwr.o
    0x0800168a   0x00000002   PAD
    0x0800168c   0x0000001c   Code   RO         3719    i.HAL_PWR_PVD_IRQHandler  stm32f1xx_hal_pwr.o
    0x080016a8   0x000000ec   Code   RO         3391    i.HAL_RCCEx_PeriphCLKConfig  stm32f1xx_hal_rcc_ex.o
    0x08001794   0x0000016c   Code   RO         3288    i.HAL_RCC_ClockConfig  stm32f1xx_hal_rcc.o
    0x08001900   0x00000040   Code   RO         3292    i.HAL_RCC_GetClockConfig  stm32f1xx_hal_rcc.o
    0x08001940   0x00000020   Code   RO         3295    i.HAL_RCC_GetPCLK1Freq  stm32f1xx_hal_rcc.o
    0x08001960   0x00000020   Code   RO         3296    i.HAL_RCC_GetPCLK2Freq  stm32f1xx_hal_rcc.o
    0x08001980   0x0000006c   Code   RO         3297    i.HAL_RCC_GetSysClockFreq  stm32f1xx_hal_rcc.o
    0x080019ec   0x00000304   Code   RO         3300    i.HAL_RCC_OscConfig  stm32f1xx_hal_rcc.o
    0x08001cf0   0x00000002   Code   RO         1595    i.HAL_SPI_ErrorCallback  stm32f1xx_hal_spi.o
    0x08001cf2   0x00000002   PAD
    0x08001cf4   0x000000c4   Code   RO         1598    i.HAL_SPI_IRQHandler  stm32f1xx_hal_spi.o
    0x08001db8   0x00000082   Code   RO         1911    i.HAL_SPI_Init      stm32f1xx_hal_spi_ex.o
    0x08001e3a   0x00000002   PAD
    0x08001e3c   0x000000d8   Code   RO          359    i.HAL_SPI_MspInit   spi.o
    0x08001f14   0x00000002   Code   RO         2566    i.HAL_TIMEx_BreakCallback  stm32f1xx_hal_tim_ex.o
    0x08001f16   0x00000002   Code   RO         2567    i.HAL_TIMEx_CommutationCallback  stm32f1xx_hal_tim_ex.o
    0x08001f18   0x00000050   Code   RO         2583    i.HAL_TIMEx_MasterConfigSynchronization  stm32f1xx_hal_tim_ex.o
    0x08001f68   0x00000036   Code   RO         1937    i.HAL_TIM_Base_Init  stm32f1xx_hal_tim.o
    0x08001f9e   0x00000002   Code   RO         1939    i.HAL_TIM_Base_MspInit  stm32f1xx_hal_tim.o
    0x08001fa0   0x00000018   Code   RO         1942    i.HAL_TIM_Base_Start_IT  stm32f1xx_hal_tim.o
    0x08001fb8   0x00000002   Code   RO         1966    i.HAL_TIM_IC_CaptureCallback  stm32f1xx_hal_tim.o
    0x08001fba   0x00000166   Code   RO         1979    i.HAL_TIM_IRQHandler  stm32f1xx_hal_tim.o
    0x08002120   0x0000004c   Code   RO          432    i.HAL_TIM_MspPostInit  tim.o
    0x0800216c   0x00000002   Code   RO         1982    i.HAL_TIM_OC_DelayElapsedCallback  stm32f1xx_hal_tim.o
    0x0800216e   0x000000d0   Code   RO         2003    i.HAL_TIM_PWM_ConfigChannel  stm32f1xx_hal_tim.o
    0x0800223e   0x00000036   Code   RO         2006    i.HAL_TIM_PWM_Init  stm32f1xx_hal_tim.o
    0x08002274   0x0000003c   Code   RO          434    i.HAL_TIM_PWM_MspInit  tim.o
    0x080022b0   0x00000002   Code   RO         2009    i.HAL_TIM_PWM_PulseFinishedCallback  stm32f1xx_hal_tim.o
    0x080022b2   0x00000002   PAD
    0x080022b4   0x00000030   Code   RO         2010    i.HAL_TIM_PWM_Start  stm32f1xx_hal_tim.o
    0x080022e4   0x00000014   Code   RO           14    i.HAL_TIM_PeriodElapsedCallback  main.o
    0x080022f8   0x00000002   Code   RO         2020    i.HAL_TIM_TriggerCallback  stm32f1xx_hal_tim.o
    0x080022fa   0x00000002   Code   RO         2820    i.HAL_UART_ErrorCallback  stm32f1xx_hal_uart.o
    0x080022fc   0x00000110   Code   RO         2823    i.HAL_UART_IRQHandler  stm32f1xx_hal_uart.o
    0x0800240c   0x00000062   Code   RO         2824    i.HAL_UART_Init     stm32f1xx_hal_uart.o
    0x0800246e   0x00000002   PAD
    0x08002470   0x000000dc   Code   RO          481    i.HAL_UART_MspInit  usart.o
    0x0800254c   0x00000002   Code   RO         2830    i.HAL_UART_RxCpltCallback  stm32f1xx_hal_uart.o
    0x0800254e   0x00000002   PAD
    0x08002550   0x00000080   Code   RO         2833    i.HAL_UART_Transmit_DMA  stm32f1xx_hal_uart.o
    0x080025d0   0x00000002   Code   RO         2835    i.HAL_UART_TxCpltCallback  stm32f1xx_hal_uart.o
    0x080025d2   0x00000002   Code   RO         2836    i.HAL_UART_TxHalfCpltCallback  stm32f1xx_hal_uart.o
    0x080025d4   0x00000002   Code   RO          857    i.HardFault_Handler  stm32f1xx_it.o
    0x080025d6   0x00000004   Code   RO         6438    i.KeyCheckloopTimer_Callback  user_task.o
    0x080025da   0x0000002a   Code   RO         6588    i.KeyCtrlFreertosInit  key.o
    0x08002604   0x0000005c   Code   RO          278    i.MX_DMA_Init       dma.o
    0x08002660   0x00000028   Code   RO          302    i.MX_FREERTOS_Init  freertos.o
    0x08002688   0x00000144   Code   RO          254    i.MX_GPIO_Init      gpio.o
    0x080027cc   0x00000048   Code   RO          363    i.MX_SPI1_Init      spi.o
    0x08002814   0x00000070   Code   RO          435    i.MX_TIM4_Init      tim.o
    0x08002884   0x00000038   Code   RO          482    i.MX_USART1_UART_Init  usart.o
    0x080028bc   0x0000002c   Code   RO          522    i.MX_USB_DEVICE_Init  usb_device.o
    0x080028e8   0x00000002   Code   RO          858    i.MemManage_Handler  stm32f1xx_it.o
    0x080028ea   0x00000002   PAD
    0x080028ec   0x00000070   Code   RO         6439    i.Move_OneUnitDown  user_task.o
    0x0800295c   0x00000070   Code   RO         6440    i.Move_OneUnitLeft  user_task.o
    0x080029cc   0x00000070   Code   RO         6441    i.Move_OneUnitRight  user_task.o
    0x08002a3c   0x00000070   Code   RO         6442    i.Move_OneUnitUp    user_task.o
    0x08002aac   0x00000002   Code   RO          859    i.NMI_Handler       stm32f1xx_it.o
    0x08002aae   0x00000020   Code   RO         3601    i.NVIC_SetPriority  stm32f1xx_hal_cortex.o
    0x08002ace   0x00000362   Code   RO         1183    i.PCD_EP_ISR_Handler  stm32f1xx_hal_pcd.o
    0x08002e30   0x00000004   Code   RO          860    i.PVD_IRQHandler    stm32f1xx_it.o
    0x08002e34   0x00000238   Code   RO         6444    i.ProcessTask       user_task.o
    0x0800306c   0x00000002   Code   RO          861    i.RCC_IRQHandler    stm32f1xx_it.o
    0x0800306e   0x00000002   PAD
    0x08003070   0x0000003c   Code   RO         6445    i.ReadProcess       user_task.o
    0x080030ac   0x0000006c   Code   RO         6446    i.ReadSpeed         user_task.o
    0x08003118   0x00000154   Code   RO         6447    i.ReadTrace         user_task.o
    0x0800326c   0x0000000c   Code   RO          862    i.SPI1_IRQHandler   stm32f1xx_it.o
    0x08003278   0x00000044   Code   RO         5798    i.SPIFFS_close      spiffs_hydrogen.o
    0x080032bc   0x0000010c   Code   RO         5817    i.SPIFFS_open       spiffs_hydrogen.o
    0x080033c8   0x00000012   Code   RO         5822    i.SPIFFS_read       spiffs_hydrogen.o
    0x080033da   0x00000002   PAD
    0x080033dc   0x000000b4   Code   RO         5824    i.SPIFFS_remove     spiffs_hydrogen.o
    0x08003490   0x00000188   Code   RO         5831    i.SPIFFS_write      spiffs_hydrogen.o
    0x08003618   0x00000010   Code   RO         1627    i.SPI_DMAAbortOnError  stm32f1xx_hal_spi.o
    0x08003628   0x00000038   Code   RO         6448    i.SaveProcess       user_task.o
    0x08003660   0x0000000c   Code   RO          303    i.StartDefaultTask  freertos.o
    0x0800366c   0x00000198   Code   RO         6451    i.StartKeyCtrlTask  user_task.o
    0x08003804   0x000000d8   Code   RO         6452    i.Start_Task        user_task.o
    0x080038dc   0x0000002c   Code   RO         5166    i.SysTick_Handler   port.o
    0x08003908   0x00000060   Code   RO           15    i.SystemClock_Config  main.o
    0x08003968   0x00000048   Code   RO         4017    i.SystemInit        system_stm32f1xx.o
    0x080039b0   0x0000000c   Code   RO          863    i.TIM1_UP_IRQHandler  stm32f1xx_it.o
    0x080039bc   0x0000000c   Code   RO          864    i.TIM4_IRQHandler   stm32f1xx_it.o
    0x080039c8   0x0000006c   Code   RO         2021    i.TIM_Base_SetConfig  stm32f1xx_hal_tim.o
    0x08003a34   0x00000016   Code   RO         2022    i.TIM_CCxChannelCmd  stm32f1xx_hal_tim.o
    0x08003a4a   0x00000002   PAD
    0x08003a4c   0x00000050   Code   RO         2030    i.TIM_OC1_SetConfig  stm32f1xx_hal_tim.o
    0x08003a9c   0x00000058   Code   RO         2031    i.TIM_OC2_SetConfig  stm32f1xx_hal_tim.o
    0x08003af4   0x00000058   Code   RO         2032    i.TIM_OC3_SetConfig  stm32f1xx_hal_tim.o
    0x08003b4c   0x00000044   Code   RO         2033    i.TIM_OC4_SetConfig  stm32f1xx_hal_tim.o
    0x08003b90   0x00000010   Code   RO         2837    i.UART_DMAAbortOnError  stm32f1xx_hal_uart.o
    0x08003ba0   0x0000004a   Code   RO         2838    i.UART_DMAError     stm32f1xx_hal_uart.o
    0x08003bea   0x0000002e   Code   RO         2843    i.UART_DMATransmitCplt  stm32f1xx_hal_uart.o
    0x08003c18   0x0000000a   Code   RO         2845    i.UART_DMATxHalfCplt  stm32f1xx_hal_uart.o
    0x08003c22   0x0000001c   Code   RO         2847    i.UART_EndRxTransfer  stm32f1xx_hal_uart.o
    0x08003c3e   0x00000012   Code   RO         2848    i.UART_EndTxTransfer  stm32f1xx_hal_uart.o
    0x08003c50   0x00000096   Code   RO         2849    i.UART_Receive_IT   stm32f1xx_hal_uart.o
    0x08003ce6   0x00000002   PAD
    0x08003ce8   0x00000170   Code   RO         2850    i.UART_SetConfig    stm32f1xx_hal_uart.o
    0x08003e58   0x00000062   Code   RO         2851    i.UART_Transmit_IT  stm32f1xx_hal_uart.o
    0x08003eba   0x00000002   PAD
    0x08003ebc   0x0000000c   Code   RO          865    i.USART1_IRQHandler  stm32f1xx_it.o
    0x08003ec8   0x0000000e   Code   RO         5245    i.USBD_ClrClassConfig  usbd_core.o
    0x08003ed6   0x00000010   Code   RO         5448    i.USBD_CtlContinueRx  usbd_ioreq.o
    0x08003ee6   0x00000010   Code   RO         5449    i.USBD_CtlContinueSendData  usbd_ioreq.o
    0x08003ef6   0x00000016   Code   RO         5383    i.USBD_CtlError     usbd_ctlreq.o
    0x08003f0c   0x00000016   Code   RO         5451    i.USBD_CtlReceiveStatus  usbd_ioreq.o
    0x08003f22   0x0000001a   Code   RO         5452    i.USBD_CtlSendData  usbd_ioreq.o
    0x08003f3c   0x00000016   Code   RO         5453    i.USBD_CtlSendStatus  usbd_ioreq.o
    0x08003f52   0x00000002   PAD
    0x08003f54   0x00000020   Code   RO          776    i.USBD_FS_ConfigStrDescriptor  usbd_desc.o
    0x08003f74   0x0000000c   Code   RO          777    i.USBD_FS_DeviceDescriptor  usbd_desc.o
    0x08003f80   0x00000024   Code   RO          778    i.USBD_FS_InterfaceStrDescriptor  usbd_desc.o
    0x08003fa4   0x0000000c   Code   RO          779    i.USBD_FS_LangIDStrDescriptor  usbd_desc.o
    0x08003fb0   0x00000028   Code   RO          780    i.USBD_FS_ManufacturerStrDescriptor  usbd_desc.o
    0x08003fd8   0x0000002c   Code   RO          781    i.USBD_FS_ProductStrDescriptor  usbd_desc.o
    0x08004004   0x00000024   Code   RO          782    i.USBD_FS_SerialStrDescriptor  usbd_desc.o
    0x08004028   0x000000e0   Code   RO         5384    i.USBD_GetDescriptor  usbd_ctlreq.o
    0x08004108   0x00000046   Code   RO         5385    i.USBD_GetString    usbd_ctlreq.o
    0x0800414e   0x0000000c   Code   RO         5508    i.USBD_HID_DataIn   usbd_hid.o
    0x0800415a   0x0000001e   Code   RO         5509    i.USBD_HID_DeInit   usbd_hid.o
    0x08004178   0x0000000c   Code   RO         5510    i.USBD_HID_GetCfgDesc  usbd_hid.o
    0x08004184   0x0000000c   Code   RO         5511    i.USBD_HID_GetDeviceQualifierDesc  usbd_hid.o
    0x08004190   0x00000028   Code   RO         5513    i.USBD_HID_Init     usbd_hid.o
    0x080041b8   0x00000024   Code   RO         5514    i.USBD_HID_SendReport  usbd_hid.o
    0x080041dc   0x000000a0   Code   RO         5515    i.USBD_HID_Setup    usbd_hid.o
    0x0800427c   0x0000002a   Code   RO         5247    i.USBD_Init         usbd_core.o
    0x080042a6   0x00000020   Code   RO          583    i.USBD_LL_ClearStallEP  usbd_conf.o
    0x080042c6   0x00000020   Code   RO          584    i.USBD_LL_CloseEP   usbd_conf.o
    0x080042e6   0x000000aa   Code   RO         5248    i.USBD_LL_DataInStage  usbd_core.o
    0x08004390   0x0000006a   Code   RO         5249    i.USBD_LL_DataOutStage  usbd_core.o
    0x080043fa   0x00000002   PAD
    0x080043fc   0x0000006c   Code   RO          589    i.USBD_LL_Init      usbd_conf.o
    0x08004468   0x0000001c   Code   RO          590    i.USBD_LL_IsStallEP  usbd_conf.o
    0x08004484   0x00000026   Code   RO          591    i.USBD_LL_OpenEP    usbd_conf.o
    0x080044aa   0x00000020   Code   RO          592    i.USBD_LL_PrepareReceive  usbd_conf.o
    0x080044ca   0x0000003e   Code   RO         5254    i.USBD_LL_Reset     usbd_core.o
    0x08004508   0x0000000c   Code   RO         5255    i.USBD_LL_Resume    usbd_core.o
    0x08004514   0x00000018   Code   RO         5256    i.USBD_LL_SOF       usbd_core.o
    0x0800452c   0x00000006   Code   RO         5257    i.USBD_LL_SetSpeed  usbd_core.o
    0x08004532   0x00000020   Code   RO          593    i.USBD_LL_SetUSBAddress  usbd_conf.o
    0x08004552   0x0000005a   Code   RO         5258    i.USBD_LL_SetupStage  usbd_core.o
    0x080045ac   0x00000020   Code   RO          594    i.USBD_LL_StallEP   usbd_conf.o
    0x080045cc   0x00000020   Code   RO          595    i.USBD_LL_Start     usbd_conf.o
    0x080045ec   0x00000012   Code   RO         5259    i.USBD_LL_Suspend   usbd_core.o
    0x080045fe   0x00000020   Code   RO          597    i.USBD_LL_Transmit  usbd_conf.o
    0x0800461e   0x00000028   Code   RO         5386    i.USBD_ParseSetupRequest  usbd_ctlreq.o
    0x08004646   0x00000010   Code   RO         5260    i.USBD_RegisterClass  usbd_core.o
    0x08004656   0x00000016   Code   RO         5262    i.USBD_SetClassConfig  usbd_core.o
    0x0800466c   0x00000074   Code   RO         5387    i.USBD_SetConfig    usbd_ctlreq.o
    0x080046e0   0x0000000a   Code   RO         5263    i.USBD_Start        usbd_core.o
    0x080046ea   0x000000f2   Code   RO         5388    i.USBD_StdDevReq    usbd_ctlreq.o
    0x080047dc   0x000000dc   Code   RO         5389    i.USBD_StdEPReq     usbd_ctlreq.o
    0x080048b8   0x00000034   Code   RO         5390    i.USBD_StdItfReq    usbd_ctlreq.o
    0x080048ec   0x00000002   Code   RO          598    i.USBD_static_free  usbd_conf.o
    0x080048ee   0x00000002   PAD
    0x080048f0   0x00000008   Code   RO          599    i.USBD_static_malloc  usbd_conf.o
    0x080048f8   0x0000025c   Code   RO         1396    i.USB_ActivateEndpoint  stm32f1xx_ll_usb.o
    0x08004b54   0x00000004   Code   RO         1399    i.USB_CoreInit      stm32f1xx_ll_usb.o
    0x08004b58   0x00000124   Code   RO         1401    i.USB_DeactivateEndpoint  stm32f1xx_ll_usb.o
    0x08004c7c   0x00000004   Code   RO         1402    i.USB_DevConnect    stm32f1xx_ll_usb.o
    0x08004c80   0x00000004   Code   RO         1403    i.USB_DevDisconnect  stm32f1xx_ll_usb.o
    0x08004c84   0x0000001e   Code   RO         1404    i.USB_DevInit       stm32f1xx_ll_usb.o
    0x08004ca2   0x0000000e   Code   RO         1405    i.USB_DisableGlobalInt  stm32f1xx_ll_usb.o
    0x08004cb0   0x00000004   Code   RO         1406    i.USB_EP0_OutStart  stm32f1xx_ll_usb.o
    0x08004cb4   0x0000006a   Code   RO         1407    i.USB_EPClearStall  stm32f1xx_ll_usb.o
    0x08004d1e   0x0000004a   Code   RO         1408    i.USB_EPSetStall    stm32f1xx_ll_usb.o
    0x08004d68   0x000001aa   Code   RO         1409    i.USB_EPStartXfer   stm32f1xx_ll_usb.o
    0x08004f12   0x0000000e   Code   RO         1410    i.USB_EnableGlobalInt  stm32f1xx_ll_usb.o
    0x08004f20   0x0000000c   Code   RO          866    i.USB_HP_CAN1_TX_IRQHandler  stm32f1xx_it.o
    0x08004f2c   0x0000000c   Code   RO          867    i.USB_LP_CAN1_RX0_IRQHandler  stm32f1xx_it.o
    0x08004f38   0x00000006   Code   RO         1417    i.USB_ReadInterrupts  stm32f1xx_ll_usb.o
    0x08004f3e   0x00000002   PAD
    0x08004f40   0x0000001e   Code   RO         1418    i.USB_ReadPMA       stm32f1xx_ll_usb.o
    0x08004f5e   0x00000002   PAD
    0x08004f60   0x00000054   Code   RO         6453    i.USB_Relink        user_task.o
    0x08004fb4   0x00000004   Code   RO         1420    i.USB_SetCurrentMode  stm32f1xx_ll_usb.o
    0x08004fb8   0x0000000c   Code   RO         1421    i.USB_SetDevAddress  stm32f1xx_ll_usb.o
    0x08004fc4   0x00000012   Code   RO         1422    i.USB_StopDevice    stm32f1xx_ll_usb.o
    0x08004fd6   0x00000026   Code   RO         1423    i.USB_WritePMA      stm32f1xx_ll_usb.o
    0x08004ffc   0x00000002   Code   RO          868    i.UsageFault_Handler  stm32f1xx_it.o
    0x08004ffe   0x00000002   PAD
    0x08005000   0x00000020   Code   RO         6907    i.__0printf$8       mc_w.l(printf8.o)
    0x08005020   0x0000000e   Code   RO         7001    i.__scatterload_copy  mc_w.l(handlers.o)
    0x0800502e   0x00000002   Code   RO         7002    i.__scatterload_null  mc_w.l(handlers.o)
    0x08005030   0x0000000e   Code   RO         7003    i.__scatterload_zeroinit  mc_w.l(handlers.o)
    0x0800503e   0x00000002   PAD
    0x08005040   0x00000410   Code   RO         6914    i._printf_core      mc_w.l(printf8.o)
    0x08005450   0x00000024   Code   RO         6915    i._printf_post_padding  mc_w.l(printf8.o)
    0x08005474   0x0000002e   Code   RO         6916    i._printf_pre_padding  mc_w.l(printf8.o)
    0x080054a2   0x00000002   PAD
    0x080054a4   0x0000001c   Code   RO           16    i.fputc             main.o
    0x080054c0   0x0000000c   Code   RO         4741    i.inHandlerMode     cmsis_os.o
    0x080054cc   0x0000001c   Code   RO         6589    i.key0_read         key.o
    0x080054e8   0x0000001c   Code   RO         6590    i.key1_read         key.o
    0x08005504   0x0000001c   Code   RO         6591    i.key2_read         key.o
    0x08005520   0x0000001c   Code   RO         6592    i.key7_read         key.o
    0x0800553c   0x0000001c   Code   RO         6593    i.key8_read         key.o
    0x08005558   0x0000001c   Code   RO         6594    i.key9_read         key.o
    0x08005574   0x000001c8   Code   RO         6595    i.key_check_1ms     key.o
    0x0800573c   0x00000020   Code   RO         6596    i.key_check_all_loop_1ms  key.o
    0x0800575c   0x00000028   Code   RO         6597    i.key_read_value    key.o
    0x08005784   0x00000058   Code   RO         6598    i.key_status_double_down_shake  key.o
    0x080057dc   0x00000030   Code   RO         6599    i.key_write_value   key.o
    0x0800580c   0x0000006c   Code   RO           17    i.main              main.o
    0x08005878   0x0000000c   Code   RO         4743    i.makeFreeRtosPriority  cmsis_os.o
    0x08005884   0x0000000e   Code   RO         4745    i.osDelay           cmsis_os.o
    0x08005892   0x0000000a   Code   RO         4748    i.osKernelStart     cmsis_os.o
    0x0800589c   0x0000002e   Code   RO         4782    i.osThreadCreate    cmsis_os.o
    0x080058ca   0x00000002   PAD
    0x080058cc   0x00000024   Code   RO         4793    i.osTimerCreate     cmsis_os.o
    0x080058f0   0x0000005c   Code   RO         4795    i.osTimerStart      cmsis_os.o
    0x0800594c   0x00000070   Code   RO         4332    i.prvAddCurrentTaskToDelayedList  tasks.o
    0x080059bc   0x000000d0   Code   RO         4333    i.prvAddNewTaskToReadyList  tasks.o
    0x08005a8c   0x00000050   Code   RO         4624    i.prvCheckForValidListAndQueue  timers.o
    0x08005adc   0x00000050   Code   RO         4334    i.prvCheckTasksWaitingTermination  tasks.o
    0x08005b2c   0x00000026   Code   RO         4186    i.prvCopyDataFromQueue  queue.o
    0x08005b52   0x0000006c   Code   RO         4187    i.prvCopyDataToQueue  queue.o
    0x08005bbe   0x00000014   Code   RO         4335    i.prvDeleteTCB      tasks.o
    0x08005bd2   0x00000002   PAD
    0x08005bd4   0x0000004c   Code   RO         5116    i.prvHeapInit       heap_4.o
    0x08005c20   0x00000028   Code   RO         4336    i.prvIdleTask       tasks.o
    0x08005c48   0x0000008e   Code   RO         4337    i.prvInitialiseNewTask  tasks.o
    0x08005cd6   0x00000002   PAD
    0x08005cd8   0x0000004c   Code   RO         5117    i.prvInsertBlockIntoFreeList  heap_4.o
    0x08005d24   0x00000038   Code   RO         4625    i.prvInsertTimerInActiveList  timers.o
    0x08005d5c   0x0000001c   Code   RO         4188    i.prvIsQueueEmpty   queue.o
    0x08005d78   0x000000b8   Code   RO         4626    i.prvProcessReceivedCommands  timers.o
    0x08005e30   0x000000b4   Code   RO         4627    i.prvProcessTimerOrBlockTask  timers.o
    0x08005ee4   0x00000020   Code   RO         4338    i.prvResetNextTaskUnblockTime  tasks.o
    0x08005f04   0x00000028   Code   RO         4628    i.prvSampleTimeNow  timers.o
    0x08005f2c   0x0000006c   Code   RO         4629    i.prvSwitchTimerLists  timers.o
    0x08005f98   0x00000028   Code   RO         5167    i.prvTaskExitError  port.o
    0x08005fc0   0x00000034   Code   RO         4339    i.prvTaskIsTaskSuspended  tasks.o
    0x08005ff4   0x00000014   Code   RO         4060    i.prvTestWaitCondition  event_groups.o
    0x08006008   0x00000024   Code   RO         4630    i.prvTimerTask      timers.o
    0x0800602c   0x0000006a   Code   RO         4189    i.prvUnlockQueue    queue.o
    0x08006096   0x00000002   PAD
    0x08006098   0x000000d8   Code   RO         5118    i.pvPortMalloc      heap_4.o
    0x08006170   0x00000018   Code   RO         4340    i.pvTaskIncrementMutexHeldCount  tasks.o
    0x08006188   0x00000024   Code   RO         5168    i.pxPortInitialiseStack  port.o
    0x080061ac   0x0000001c   Code   RO         5575    i.spiffs_cache_drop_page  spiffs_cache.o
    0x080061c8   0x00000038   Code   RO         5576    i.spiffs_cache_fd_release  spiffs_cache.o
    0x08006200   0x0000003c   Code   RO         5578    i.spiffs_cache_page_allocate  spiffs_cache.o
    0x0800623c   0x00000024   Code   RO         5579    i.spiffs_cache_page_allocate_by_fd  spiffs_cache.o
    0x08006260   0x00000056   Code   RO         5580    i.spiffs_cache_page_free  spiffs_cache.o
    0x080062b6   0x00000002   PAD
    0x080062b8   0x00000050   Code   RO         5581    i.spiffs_cache_page_get  spiffs_cache.o
    0x08006308   0x0000004e   Code   RO         5582    i.spiffs_cache_page_get_by_fd  spiffs_cache.o
    0x08006356   0x00000064   Code   RO         5583    i.spiffs_cache_page_remove_oldest  spiffs_cache.o
    0x080063ba   0x00000002   PAD
    0x080063bc   0x0000012e   Code   RO         6060    i.spiffs_cb_object_event  spiffs_nucleus.o
    0x080064ea   0x000000d6   Code   RO         6061    i.spiffs_erase_block  spiffs_nucleus.o
    0x080065c0   0x00000114   Code   RO         6062    i.spiffs_fd_find_new  spiffs_nucleus.o
    0x080066d4   0x00000034   Code   RO         6063    i.spiffs_fd_get     spiffs_nucleus.o
    0x08006708   0x00000038   Code   RO         6064    i.spiffs_fd_return  spiffs_nucleus.o
    0x08006740   0x0000005e   Code   RO         5832    i.spiffs_fflush_cache  spiffs_hydrogen.o
    0x0800679e   0x00000002   PAD
    0x080067a0   0x0000016c   Code   RO         5742    i.spiffs_gc_check   spiffs_gc.o
    0x0800690c   0x000004d0   Code   RO         5743    i.spiffs_gc_clean   spiffs_gc.o
    0x08006ddc   0x00000038   Code   RO         5744    i.spiffs_gc_erase_block  spiffs_gc.o
    0x08006e14   0x000000de   Code   RO         5745    i.spiffs_gc_erase_page_stats  spiffs_gc.o
    0x08006ef2   0x00000002   PAD
    0x08006ef4   0x00000216   Code   RO         5746    i.spiffs_gc_find_candidate  spiffs_gc.o
    0x0800710a   0x00000002   PAD
    0x0800710c   0x00000180   Code   RO         5747    i.spiffs_gc_quick   spiffs_gc.o
    0x0800728c   0x0000001c   Code   RO         6066    i.spiffs_hash       spiffs_nucleus.o
    0x080072a8   0x000000a0   Code   RO         5833    i.spiffs_hydro_read  spiffs_hydrogen.o
    0x08007348   0x0000004e   Code   RO         5834    i.spiffs_hydro_write  spiffs_hydrogen.o
    0x08007396   0x00000002   PAD
    0x08007398   0x000001d4   Code   RO         6067    i.spiffs_obj_lu_find_entry_visitor  spiffs_nucleus.o
    0x0800756c   0x0000006c   Code   RO         6068    i.spiffs_obj_lu_find_free  spiffs_nucleus.o
    0x080075d8   0x0000018c   Code   RO         6069    i.spiffs_obj_lu_find_free_obj_id  spiffs_nucleus.o
    0x08007764   0x000000c0   Code   RO         6070    i.spiffs_obj_lu_find_free_obj_id_bitmap_v  spiffs_nucleus.o
    0x08007824   0x000000ac   Code   RO         6071    i.spiffs_obj_lu_find_free_obj_id_compact_v  spiffs_nucleus.o
    0x080078d0   0x00000030   Code   RO         6072    i.spiffs_obj_lu_find_id  spiffs_nucleus.o
    0x08007900   0x00000090   Code   RO         6073    i.spiffs_obj_lu_find_id_and_span  spiffs_nucleus.o
    0x08007990   0x0000009c   Code   RO         6075    i.spiffs_obj_lu_find_id_and_span_v  spiffs_nucleus.o
    0x08007a2c   0x00000500   Code   RO         6078    i.spiffs_object_append  spiffs_nucleus.o
    0x08007f2c   0x00000162   Code   RO         6079    i.spiffs_object_create  spiffs_nucleus.o
    0x0800808e   0x00000002   PAD
    0x08008090   0x00000088   Code   RO         6080    i.spiffs_object_find_object_index_header_by_name  spiffs_nucleus.o
    0x08008118   0x00000084   Code   RO         6081    i.spiffs_object_find_object_index_header_by_name_v  spiffs_nucleus.o
    0x0800819c   0x00000448   Code   RO         6082    i.spiffs_object_modify  spiffs_nucleus.o
    0x080085e4   0x000000e0   Code   RO         6084    i.spiffs_object_open_by_page  spiffs_nucleus.o
    0x080086c4   0x000001d4   Code   RO         6085    i.spiffs_object_read  spiffs_nucleus.o
    0x08008898   0x000004b0   Code   RO         6086    i.spiffs_object_truncate  spiffs_nucleus.o
    0x08008d48   0x000000f8   Code   RO         6087    i.spiffs_object_update_index_hdr  spiffs_nucleus.o
    0x08008e40   0x0000018c   Code   RO         6088    i.spiffs_page_allocate_data  spiffs_nucleus.o
    0x08008fcc   0x000000b4   Code   RO         6089    i.spiffs_page_data_check  spiffs_nucleus.o
    0x08009080   0x00000092   Code   RO         6090    i.spiffs_page_delete  spiffs_nucleus.o
    0x08009112   0x00000002   PAD
    0x08009114   0x000000c0   Code   RO         6091    i.spiffs_page_index_check  spiffs_nucleus.o
    0x080091d4   0x00000148   Code   RO         6092    i.spiffs_page_move  spiffs_nucleus.o
    0x0800931c   0x00000058   Code   RO         6093    i.spiffs_phys_cpy   spiffs_nucleus.o
    0x08009374   0x000000e4   Code   RO         5584    i.spiffs_phys_rd    spiffs_cache.o
    0x08009458   0x0000008e   Code   RO         5585    i.spiffs_phys_wr    spiffs_cache.o
    0x080094e6   0x000000d4   Code   RO         6097    i.spiffs_update_ix_map  spiffs_nucleus.o
    0x080095ba   0x00000024   Code   RO         4149    i.uxListRemove      list.o
    0x080095de   0x00000002   PAD
    0x080095e0   0x00000018   Code   RO         4345    i.uxTaskResetEventItemValue  tasks.o
    0x080095f8   0x00000016   Code   RO         4150    i.vListInitialise   list.o
    0x0800960e   0x00000006   Code   RO         4151    i.vListInitialiseItem  list.o
    0x08009614   0x00000030   Code   RO         4152    i.vListInsert       list.o
    0x08009644   0x00000018   Code   RO         4153    i.vListInsertEnd    list.o
    0x0800965c   0x00000040   Code   RO         5170    i.vPortEnterCritical  port.o
    0x0800969c   0x00000028   Code   RO         5171    i.vPortExitCritical  port.o
    0x080096c4   0x0000005c   Code   RO         5119    i.vPortFree         heap_4.o
    0x08009720   0x00000020   Code   RO         5172    i.vPortSetupTimerInterrupt  port.o
    0x08009740   0x00000054   Code   RO         5173    i.vPortValidateInterruptPriority  port.o
    0x08009794   0x00000028   Code   RO         4193    i.vQueueAddToRegistry  queue.o
    0x080097bc   0x00000044   Code   RO         4196    i.vQueueWaitForMessageRestricted  queue.o
    0x08009800   0x0000004c   Code   RO         4346    i.vTaskDelay        tasks.o
    0x0800984c   0x000000ac   Code   RO         4348    i.vTaskDelete       tasks.o
    0x080098f8   0x0000000c   Code   RO         4350    i.vTaskMissedYield  tasks.o
    0x08009904   0x00000030   Code   RO         4352    i.vTaskPlaceOnEventList  tasks.o
    0x08009934   0x00000038   Code   RO         4353    i.vTaskPlaceOnEventListRestricted  tasks.o
    0x0800996c   0x00000050   Code   RO         4354    i.vTaskPlaceOnUnorderedEventList  tasks.o
    0x080099bc   0x00000084   Code   RO         4355    i.vTaskPriorityInherit  tasks.o
    0x08009a40   0x0000007c   Code   RO         4357    i.vTaskResume       tasks.o
    0x08009abc   0x00000024   Code   RO         4358    i.vTaskSetTimeOutState  tasks.o
    0x08009ae0   0x00000070   Code   RO         4359    i.vTaskStartScheduler  tasks.o
    0x08009b50   0x000000b0   Code   RO         4360    i.vTaskSuspend      tasks.o
    0x08009c00   0x00000010   Code   RO         4361    i.vTaskSuspendAll   tasks.o
    0x08009c10   0x0000005c   Code   RO         4362    i.vTaskSwitchContext  tasks.o
    0x08009c6c   0x00000040   Code   RO         4064    i.xEventGroupClearBits  event_groups.o
    0x08009cac   0x0000001a   Code   RO         4065    i.xEventGroupCreate  event_groups.o
    0x08009cc6   0x0000008c   Code   RO         4067    i.xEventGroupSetBits  event_groups.o
    0x08009d52   0x00000002   PAD
    0x08009d54   0x00000108   Code   RO         4069    i.xEventGroupWaitBits  event_groups.o
    0x08009e5c   0x00000074   Code   RO         5174    i.xPortStartScheduler  port.o
    0x08009ed0   0x00000048   Code   RO         4198    i.xQueueGenericCreate  queue.o
    0x08009f18   0x0000016c   Code   RO         4199    i.xQueueGenericReceive  queue.o
    0x0800a084   0x00000088   Code   RO         4200    i.xQueueGenericReset  queue.o
    0x0800a10c   0x00000160   Code   RO         4201    i.xQueueGenericSend  queue.o
    0x0800a26c   0x000000bc   Code   RO         4202    i.xQueueGenericSendFromISR  queue.o
    0x0800a328   0x0000006c   Code   RO         4363    i.xTaskCheckForTimeOut  tasks.o
    0x0800a394   0x00000056   Code   RO         4364    i.xTaskCreate       tasks.o
    0x0800a3ea   0x00000002   PAD
    0x0800a3ec   0x0000001c   Code   RO         4368    i.xTaskGetSchedulerState  tasks.o
    0x0800a408   0x0000000c   Code   RO         4369    i.xTaskGetTickCount  tasks.o
    0x0800a414   0x000000c8   Code   RO         4371    i.xTaskIncrementTick  tasks.o
    0x0800a4dc   0x00000098   Code   RO         4374    i.xTaskPriorityDisinherit  tasks.o
    0x0800a574   0x00000074   Code   RO         4375    i.xTaskRemoveFromEventList  tasks.o
    0x0800a5e8   0x00000078   Code   RO         4376    i.xTaskRemoveFromUnorderedEventList  tasks.o
    0x0800a660   0x000000c4   Code   RO         4377    i.xTaskResumeAll    tasks.o
    0x0800a724   0x0000004e   Code   RO         4633    i.xTimerCreate      timers.o
    0x0800a772   0x00000002   PAD
    0x0800a774   0x00000048   Code   RO         4634    i.xTimerCreateTimerTask  timers.o
    0x0800a7bc   0x00000060   Code   RO         4635    i.xTimerGenericCommand  timers.o
    0x0800a81c   0x00000014   Data   RO          304    .constdata          freertos.o
    0x0800a830   0x00000010   Data   RO         4018    .constdata          system_stm32f1xx.o
    0x0800a840   0x00000008   Data   RO         4019    .constdata          system_stm32f1xx.o
    0x0800a848   0x00000004   Data   RO         6455    .constdata          user_task.o
    0x0800a84c   0x0000000c   Data   RO          305    .conststring        freertos.o
    0x0800a858   0x00000020   Data   RO         6999    Region$$Table       anon$$obj.o


    Execution Region RW_IRAM1 (Base: 0x20000000, Size: 0x00004b08, Max: 0x00005000, ABSOLUTE, COMPRESSED[0x00000108])

    Base Addr    Size         Type   Attr      Idx    E Section Name        Object

    0x20000000   0x00000004   Data   RW          306    .data               freertos.o
    0x20000004   0x0000001c   Data   RW          784    .data               usbd_desc.o
    0x20000020   0x00000016   Data   RW          785    .data               usbd_desc.o
    0x20000036   0x00000002   PAD
    0x20000038   0x0000000c   Data   RW         3148    .data               stm32f1xx_hal.o
    0x20000044   0x00000004   Data   RW         4020    .data               system_stm32f1xx.o
    0x20000048   0x0000003c   Data   RW         4380    .data               tasks.o
    0x20000084   0x00000014   Data   RW         4641    .data               timers.o
    0x20000098   0x00000018   Data   RW         5124    .data               heap_4.o
    0x200000b0   0x0000000c   Data   RW         5175    .data               port.o
    0x200000bc   0x00000001   Data   RW         5391    .data               usbd_ctlreq.o
    0x200000bd   0x00000003   PAD
    0x200000c0   0x00000038   Data   RW         5516    .data               usbd_hid.o
    0x200000f8   0x00000086   Data   RW         5517    .data               usbd_hid.o
    0x2000017e   0x00000002   PAD
    0x20000180   0x0000003c   Data   RW         6456    .data               user_task.o
    0x200001bc   0x00000068   Data   RW         6601    .data               key.o
    0x20000224   0x00000004   Data   RW         6975    .data               mc_w.l(stdout.o)
    0x20000228   0x000000e0   Zero   RW          366    .bss                spi.o
    0x20000308   0x00000040   Zero   RW          436    .bss                tim.o
    0x20000348   0x000000c8   Zero   RW          483    .bss                usart.o
    0x20000410   0x00000224   Zero   RW          523    .bss                usb_device.o
    0x20000634   0x00000474   Zero   RW          600    .bss                usbd_conf.o
    0x20000aa8   0x00000200   Zero   RW          783    .bss                usbd_desc.o
    0x20000ca8   0x00000040   Zero   RW         1043    .bss                stm32f1xx_hal_timebase_tim.o
    0x20000ce8   0x00000020   Zero   RW         3842    .bss                stm32f1xx_hal_flash.o
    0x20000d08   0x00000040   Zero   RW         4208    .bss                queue.o
    0x20000d48   0x000000f0   Zero   RW         4379    .bss                tasks.o
    0x20000e38   0x00000028   Zero   RW         4640    .bss                timers.o
    0x20000e60   0x00001800   Zero   RW         5123    .bss                heap_4.o
    0x20002660   0x00000780   Zero   RW         6303    .bss                spiffs_user.o
    0x20002de0   0x00001900   Zero   RW         6454    .bss                user_task.o
    0x200046e0   0x00000022   Zero   RW         6600    .bss                key.o
    0x20004702   0x00000006   PAD
    0x20004708   0x00000400   Zero   RW            1    STACK               startup_stm32f103xb.o


==============================================================================

Image component sizes


      Code (inc. data)   RO Data    RW Data    ZI Data      Debug   Object Name

       222         10          0          0          0      16972   cmsis_os.o
        92          4          0          0          0        942   dma.o
       514          4          0          0          0      16862   event_groups.o
        52         10         32          4          0       5582   freertos.o
       324         22          0          0          0       1203   gpio.o
       460         24          0         24       6144       4983   heap_4.o
       874         72          0        104         34      10797   key.o
       136          0          0          0          0       3758   list.o
       254         38          0          0          0     493139   main.o
       606         72          0         12          0      12045   port.o
      1500         20          0          0         64      13293   queue.o
       288         28          0          0        224       2431   spi.o
       894          0          0          0          0      17334   spiffs_cache.o
      2792         14          0          0          0       8558   spiffs_gc.o
      1258         46          0          0          0       7582   spiffs_hydrogen.o
      9292        124          0          0          0      33433   spiffs_nucleus.o
         0          0          0          0       1920       1029   spiffs_user.o
        36          8        236          0       1024        884   startup_stm32f103xb.o
        64         14          0         12          0       5186   stm32f1xx_hal.o
       176         14          0          0          0      25804   stm32f1xx_hal_cortex.o
       738         36          0          0          0       4422   stm32f1xx_hal_dma.o
       384         24          0          0         32       4254   stm32f1xx_hal_flash.o
        36          8          0          0          0       1997   stm32f1xx_hal_flash_ex.o
       490         42          0          0          0       4767   stm32f1xx_hal_gpio.o
       120         10          0          0          0       1050   stm32f1xx_hal_msp.o
      1794          0          0          0          0       9493   stm32f1xx_hal_pcd.o
        52          0          0          0          0       1270   stm32f1xx_hal_pcd_ex.o
        30          6          0          0          0       1223   stm32f1xx_hal_pwr.o
      1372        108          0          0          0       6197   stm32f1xx_hal_rcc.o
       236         12          0          0          0       1516   stm32f1xx_hal_rcc_ex.o
       214          6          0          0          0       2833   stm32f1xx_hal_spi.o
       130          0          0          0          0       1215   stm32f1xx_hal_spi_ex.o
      1210         40          0          0          0      13293   stm32f1xx_hal_tim.o
        84          0          0          0          0       2642   stm32f1xx_hal_tim_ex.o
       116         18          0          0         64       1651   stm32f1xx_hal_timebase_tim.o
      1314         24          0          0          0      11617   stm32f1xx_hal_uart.o
       220         60          0          0          0      13088   stm32f1xx_it.o
      1684          0          0          0          0      13992   stm32f1xx_ll_usb.o
        72         16         24          4          0       1435   system_stm32f1xx.o
      2884        244          0         60        240      30367   tasks.o
       248         30          0          0         64       2619   tim.o
       930         78          0         20         40      19110   timers.o
       276         30          0          0        200       2160   usart.o
        44         14          0          0        548        888   usb_device.o
       608         30          0          0       1140      13669   usbd_conf.o
       592          0          0          0          0       9732   usbd_core.o
       986         30          0          1          0       7392   usbd_ctlreq.o
       212        116          0         50        512       5495   usbd_desc.o
       302         12          0        190          0       7105   usbd_hid.o
       102          0          0          0          0       3944   usbd_ioreq.o
      3762        426          4         60       6400      19257   user_task.o

    ----------------------------------------------------------------------
     41152       1944        328        548      18656     901510   Object Totals
         0          0         32          0          0          0   (incl. Generated)
        76          0          0          7          6          0   (incl. Padding)

    ----------------------------------------------------------------------

      Code (inc. data)   RO Data    RW Data    ZI Data      Debug   Library Member Name

        86          0          0          0          0          0   __dczerorl2.o
         0          0          0          0          0          0   entry.o
         0          0          0          0          0          0   entry10a.o
         0          0          0          0          0          0   entry11a.o
         8          4          0          0          0          0   entry2.o
         4          0          0          0          0          0   entry5.o
         0          0          0          0          0          0   entry7b.o
         0          0          0          0          0          0   entry8b.o
         8          4          0          0          0          0   entry9a.o
        30          0          0          0          0          0   handlers.o
        36          8          0          0          0         68   init.o
        30          0          0          0          0         68   llshl.o
        32          0          0          0          0         68   llushr.o
        36          0          0          0          0         68   memcpya.o
        36          0          0          0          0        108   memseta.o
      1154         54          0          0          0        352   printf8.o
         0          0          0          4          0          0   stdout.o
        28          0          0          0          0         76   strcmp.o
        18          0          0          0          0         68   strcpy.o
        14          0          0          0          0         68   strlen.o
        24          0          0          0          0         76   strncpy.o
        98          0          0          0          0         92   uldiv.o

    ----------------------------------------------------------------------
      1648         70          0          4          0       1112   Library Totals
         6          0          0          0          0          0   (incl. Padding)

    ----------------------------------------------------------------------

      Code (inc. data)   RO Data    RW Data    ZI Data      Debug   Library Name

      1642         70          0          4          0       1112   mc_w.l

    ----------------------------------------------------------------------
      1648         70          0          4          0       1112   Library Totals

    ----------------------------------------------------------------------

==============================================================================


      Code (inc. data)   RO Data    RW Data    ZI Data      Debug   

     42800       2014        328        552      18656     882990   Grand Totals
     42800       2014        328        264      18656     882990   ELF Image Totals (compressed)
     42800       2014        328        264          0          0   ROM Totals

==============================================================================

    Total RO  Size (Code + RO Data)                43128 (  42.12kB)
    Total RW  Size (RW Data + ZI Data)             19208 (  18.76kB)
    Total ROM Size (Code + RO Data + RW Data)      43392 (  42.38kB)

==============================================================================

